Archive member included because of file (symbol)

c:/chibistudio/tools/gnu tools arm embedded/4.7 2014q2/bin/../lib/gcc/arm-none-eabi/4.7.4/armv7e-m/fpu\libgcc.a(_arm_addsubdf3.o)
                              build/obj/chprintf.o (__aeabi_dsub)
c:/chibistudio/tools/gnu tools arm embedded/4.7 2014q2/bin/../lib/gcc/arm-none-eabi/4.7.4/armv7e-m/fpu\libgcc.a(_arm_muldivdf3.o)
                              build/obj/chprintf.o (__aeabi_dmul)
c:/chibistudio/tools/gnu tools arm embedded/4.7 2014q2/bin/../lib/gcc/arm-none-eabi/4.7.4/armv7e-m/fpu\libgcc.a(_arm_fixdfsi.o)
                              build/obj/chprintf.o (__aeabi_d2iz)
c:/chibistudio/tools/gnu tools arm embedded/4.7 2014q2/bin/../lib/gcc/arm-none-eabi/4.7.4/armv7e-m/fpu\libgcc.a(_arm_truncdfsf2.o)
                              build/obj/chprintf.o (__aeabi_d2f)
c:/chibistudio/tools/gnu tools arm embedded/4.7 2014q2/bin/../lib/gcc/arm-none-eabi/4.7.4/../../../../arm-none-eabi/lib/armv7e-m/fpu\libstdc++.a(pure.o)
                              build/obj/httptcpconnection.o (__cxa_pure_virtual)
c:/chibistudio/tools/gnu tools arm embedded/4.7 2014q2/bin/../lib/gcc/arm-none-eabi/4.7.4/../../../../arm-none-eabi/lib/armv7e-m/fpu\libstdc++.a(del_op.o)
                              build/obj/httptcpconnection.o (operator delete(void*))
c:/chibistudio/tools/gnu tools arm embedded/4.7 2014q2/bin/../lib/gcc/arm-none-eabi/4.7.4/../../../../arm-none-eabi/lib/armv7e-m/fpu\libstdc++.a(new_op.o)
                              build/obj/httpclient.o (operator new(unsigned int))
c:/chibistudio/tools/gnu tools arm embedded/4.7 2014q2/bin/../lib/gcc/arm-none-eabi/4.7.4/../../../../arm-none-eabi/lib/armv7e-m/fpu\libstdc++.a(eh_personality.o)
                              c:/chibistudio/tools/gnu tools arm embedded/4.7 2014q2/bin/../lib/gcc/arm-none-eabi/4.7.4/../../../../arm-none-eabi/lib/armv7e-m/fpu\libstdc++.a(new_op.o) (__gxx_personality_v0)
c:/chibistudio/tools/gnu tools arm embedded/4.7 2014q2/bin/../lib/gcc/arm-none-eabi/4.7.4/../../../../arm-none-eabi/lib/armv7e-m/fpu\libstdc++.a(eh_alloc.o)
                              c:/chibistudio/tools/gnu tools arm embedded/4.7 2014q2/bin/../lib/gcc/arm-none-eabi/4.7.4/../../../../arm-none-eabi/lib/armv7e-m/fpu\libstdc++.a(new_op.o) (__cxa_allocate_exception)
c:/chibistudio/tools/gnu tools arm embedded/4.7 2014q2/bin/../lib/gcc/arm-none-eabi/4.7.4/../../../../arm-none-eabi/lib/armv7e-m/fpu\libstdc++.a(eh_terminate.o)
                              c:/chibistudio/tools/gnu tools arm embedded/4.7 2014q2/bin/../lib/gcc/arm-none-eabi/4.7.4/../../../../arm-none-eabi/lib/armv7e-m/fpu\libstdc++.a(pure.o) (std::terminate())
c:/chibistudio/tools/gnu tools arm embedded/4.7 2014q2/bin/../lib/gcc/arm-none-eabi/4.7.4/../../../../arm-none-eabi/lib/armv7e-m/fpu\libstdc++.a(eh_unex_handler.o)
                              c:/chibistudio/tools/gnu tools arm embedded/4.7 2014q2/bin/../lib/gcc/arm-none-eabi/4.7.4/../../../../arm-none-eabi/lib/armv7e-m/fpu\libstdc++.a(eh_terminate.o) (__cxxabiv1::__unexpected_handler)
c:/chibistudio/tools/gnu tools arm embedded/4.7 2014q2/bin/../lib/gcc/arm-none-eabi/4.7.4/../../../../arm-none-eabi/lib/armv7e-m/fpu\libstdc++.a(eh_call.o)
                              c:/chibistudio/tools/gnu tools arm embedded/4.7 2014q2/bin/../lib/gcc/arm-none-eabi/4.7.4/../../../../arm-none-eabi/lib/armv7e-m/fpu\libstdc++.a(eh_personality.o) (__cxa_call_terminate)
c:/chibistudio/tools/gnu tools arm embedded/4.7 2014q2/bin/../lib/gcc/arm-none-eabi/4.7.4/../../../../arm-none-eabi/lib/armv7e-m/fpu\libstdc++.a(eh_arm.o)
                              c:/chibistudio/tools/gnu tools arm embedded/4.7 2014q2/bin/../lib/gcc/arm-none-eabi/4.7.4/../../../../arm-none-eabi/lib/armv7e-m/fpu\libstdc++.a(new_op.o) (__cxa_end_cleanup)
c:/chibistudio/tools/gnu tools arm embedded/4.7 2014q2/bin/../lib/gcc/arm-none-eabi/4.7.4/../../../../arm-none-eabi/lib/armv7e-m/fpu\libstdc++.a(new_handler.o)
                              c:/chibistudio/tools/gnu tools arm embedded/4.7 2014q2/bin/../lib/gcc/arm-none-eabi/4.7.4/../../../../arm-none-eabi/lib/armv7e-m/fpu\libstdc++.a(new_op.o) (__new_handler)
c:/chibistudio/tools/gnu tools arm embedded/4.7 2014q2/bin/../lib/gcc/arm-none-eabi/4.7.4/../../../../arm-none-eabi/lib/armv7e-m/fpu\libstdc++.a(bad_alloc.o)
                              c:/chibistudio/tools/gnu tools arm embedded/4.7 2014q2/bin/../lib/gcc/arm-none-eabi/4.7.4/../../../../arm-none-eabi/lib/armv7e-m/fpu\libstdc++.a(new_op.o) (std::bad_alloc::~bad_alloc())
c:/chibistudio/tools/gnu tools arm embedded/4.7 2014q2/bin/../lib/gcc/arm-none-eabi/4.7.4/../../../../arm-none-eabi/lib/armv7e-m/fpu\libstdc++.a(eh_globals.o)
                              c:/chibistudio/tools/gnu tools arm embedded/4.7 2014q2/bin/../lib/gcc/arm-none-eabi/4.7.4/../../../../arm-none-eabi/lib/armv7e-m/fpu\libstdc++.a(eh_call.o) (__cxa_get_globals_fast)
[...]
Memory Configuration

Name             Origin             Length             Attributes
flash            0x08000000         0x00080000
ram              0x20000000         0x00018000
*default*        0x00000000         0xffffffff

Linker script and memory map

LOAD build/obj/crt0.o
LOAD build/obj/vectors.o
LOAD build/obj/chcore.o
LOAD build/obj/chcore_v7m.o
LOAD build/obj/nvic.o
LOAD build/obj/chsys.o
LOAD build/obj/chdebug.o
LOAD build/obj/chlists.o
LOAD build/obj/chvt.o
LOAD build/obj/chschd.o
LOAD build/obj/chthreads.o
LOAD build/obj/chdynamic.o
LOAD build/obj/chregistry.o
LOAD build/obj/chsem.o
LOAD build/obj/chmtx.o
LOAD build/obj/chcond.o
LOAD build/obj/chevents.o
LOAD build/obj/chmsg.o
LOAD build/obj/chmboxes.o
LOAD build/obj/chqueues.o
LOAD build/obj/chmemcore.o
LOAD build/obj/chheap.o
LOAD build/obj/chmempools.o
LOAD build/obj/test.o
LOAD build/obj/testthd.o
LOAD build/obj/testsem.o
LOAD build/obj/testmtx.o
LOAD build/obj/testmsg.o
LOAD build/obj/testmbox.o
LOAD build/obj/testevt.o
LOAD build/obj/testheap.o
LOAD build/obj/testpools.o
LOAD build/obj/testdyn.o
LOAD build/obj/testqueues.o
LOAD build/obj/testbmk.o
LOAD build/obj/hal.o
LOAD build/obj/adc.o
LOAD build/obj/can.o
LOAD build/obj/ext.o
LOAD build/obj/gpt.o
LOAD build/obj/i2c.o
LOAD build/obj/icu.o
LOAD build/obj/mac.o
LOAD build/obj/mmc_spi.o
LOAD build/obj/mmcsd.o
LOAD build/obj/pal.o
LOAD build/obj/pwm.o
LOAD build/obj/rtc.o
LOAD build/obj/sdc.o
LOAD build/obj/serial.o
LOAD build/obj/serial_usb.o
LOAD build/obj/spi.o
LOAD build/obj/tm.o
LOAD build/obj/uart.o
LOAD build/obj/usb.o
LOAD build/obj/stm32_dma.o
LOAD build/obj/hal_lld.o
LOAD build/obj/adc_lld.o
LOAD build/obj/ext_lld_isr.o
LOAD build/obj/can_lld.o
LOAD build/obj/ext_lld.o
LOAD build/obj/mac_lld.o
LOAD build/obj/sdc_lld.o
LOAD build/obj/pal_lld.o
LOAD build/obj/i2c_lld.o
LOAD build/obj/usb_lld.o
LOAD build/obj/rtc_lld.o
LOAD build/obj/spi_lld.o
LOAD build/obj/gpt_lld.o
LOAD build/obj/icu_lld.o
LOAD build/obj/pwm_lld.o
LOAD build/obj/serial_lld.o
LOAD build/obj/uart_lld.o
LOAD build/obj/board.o
LOAD build/obj/fatfs_diskio.o
LOAD build/obj/fatfs_syscall.o
LOAD build/obj/ff.o
LOAD build/obj/ccsbcs.o
LOAD build/obj/shell.o
LOAD build/obj/chprintf.o
LOAD build/obj/memstreams.o
LOAD build/obj/cc3000_spi.o
LOAD build/obj/async_handler.o
LOAD build/obj/cc3000_common.o
LOAD build/obj/hci.o
LOAD build/obj/netapp.o
LOAD build/obj/security.o
LOAD build/obj/wlan.o
LOAD build/obj/evnt_handler.o
LOAD build/obj/nvmem.o
LOAD build/obj/socket.o
LOAD build/obj/utility.o
LOAD build/obj/dht11.o
LOAD build/obj/HTU21D.o
LOAD build/obj/BMP180.o
LOAD build/obj/DS1307.o
LOAD build/obj/httpclient.o
LOAD build/obj/httpjsondata.o
LOAD build/obj/httptcpconnection.o
LOAD build/obj/httptypes.o
LOAD build/obj/main.o
                0x00000400                __main_stack_size__ = 0x400
                0x00000400                __process_stack_size__ = 0x400
                0x20000000                __ram_start__ = ORIGIN (ram)
                0x00018000                __ram_size__ = 0x18000
                0x20018000                __ram_end__ = (__ram_start__ + __ram_size__)
                0x00000000                . = 0x0
                0x00000000                _text = .

startup         0x08000000      0x1ac
 *(vectors)
 vectors        0x08000000      0x1ac build/obj/vectors.o
                0x08000000                _vectors

constructors    0x080001ac        0x0
                0x080001ac                PROVIDE (__init_array_start, .)
 *(SORT(.init_array.*))
 *(.init_array)
                0x080001ac                PROVIDE (__init_array_end, .)

destructors     0x080001ac        0x0
                0x080001ac                PROVIDE (__fini_array_start, .)
 *(.fini_array)
 *(SORT(.fini_array.*))
                0x080001ac                PROVIDE (__fini_array_end, .)

.text           0x080001b0    0x125c4
 *(.text.startup.*)
 .text.startup.main
                0x080001b0      0x270 build/obj/main.o
                0x080001b0                main
 *(.text)
 .text          0x08000420      0x370 c:/chibistudio/tools/gnu tools arm embedded/4.7 2014q2/bin/../lib/gcc/arm-none-eabi/4.7.4/armv7e-m/fpu\libgcc.a(_arm_addsubdf3.o)
                0x08000420                __aeabi_drsub
                0x08000428                __aeabi_dsub
                0x08000428                __subdf3
                0x0800042c                __aeabi_dadd
                0x0800042c                __adddf3
                0x080006a4                __floatunsidf
                0x080006a4                __aeabi_ui2d
                0x080006c4                __floatsidf
                0x080006c4                __aeabi_i2d
                0x080006e8                __aeabi_f2d
                0x080006e8                __extendsfdf2
                0x08000724                __floatundidf
                0x08000724                __aeabi_ul2d
                0x08000734                __floatdidf
                0x08000734                __aeabi_l2d
 .text          0x08000790      0x424 c:/chibistudio/tools/gnu tools arm embedded/4.7 2014q2/bin/../lib/gcc/arm-none-eabi/4.7.4/armv7e-m/fpu\libgcc.a(_arm_muldivdf3.o)
                0x08000790                __aeabi_dmul
                0x08000790                __muldf3
                0x080009e4                __divdf3
                0x080009e4                __aeabi_ddiv
 *fill*         0x08000bb4        0xc 00
 .text          0x08000bc0       0x50 c:/chibistudio/tools/gnu tools arm embedded/4.7 2014q2/bin/../lib/gcc/arm-none-eabi/4.7.4/armv7e-m/fpu\libgcc.a(_arm_fixdfsi.o)
                0x08000bc0                __aeabi_d2iz
                0x08000bc0                __fixdfsi
 .text          0x08000c10       0xa0 c:/chibistudio/tools/gnu tools arm embedded/4.7 2014q2/bin/../lib/gcc/arm-none-eabi/4.7.4/armv7e-m/fpu\libgcc.a(_arm_truncdfsf2.o)
                0x08000c10                __truncdfsf2
                0x08000c10                __aeabi_d2f
 .text          0x08000cb0      0x110 c:/chibistudio/tools/gnu tools arm embedded/4.7 2014q2/bin/../lib/gcc/arm-none-eabi/4.7.4/armv7e-m/fpu\libgcc.a(_arm_cmpdf2.o)
                0x08000cb0                __gtdf2
                0x08000cb0                __gedf2
                0x08000cb8                __ltdf2
                0x08000cb8                __ledf2
                0x08000cc0                __nedf2
                0x08000cc0                __eqdf2
                0x08000cc0                __cmpdf2
                0x08000d3c                __aeabi_cdrcmple
                0x08000d4c                __aeabi_cdcmpeq
                0x08000d4c                __aeabi_cdcmple
                0x08000d5c                __aeabi_dcmpeq
                0x08000d70                __aeabi_dcmplt
                0x08000d84                __aeabi_dcmple
                0x08000d98                __aeabi_dcmpge
                0x08000dac                __aeabi_dcmpgt
 *(.text.*)
 .text.__late_init
                0x08000dc0       0x10 build/obj/crt0.o
                0x08000dc0                __late_init
 .text._default_exit
                0x08000dd0       0x10 build/obj/crt0.o
                0x08000dd0                _default_exit
 .text.ResetHandler
                0x08000de0      0x200 build/obj/crt0.o
                0x08000de0                ResetHandler
 .text._unhandled_exception
                0x08000fe0       0x10 build/obj/vectors.o
                0x08000fe0                VectorAC
                0x08000fe0                Vector1A0
                0x08000fe0                NMIVector
                0x08000fe0                Vector11C
                0x08000fe0                Vector19C
                0x08000fe0                Vector8C
                0x08000fe0                VectorDC
                0x08000fe0                Vector168
                0x08000fe0                Vector110
                0x08000fe0                VectorC8
                0x08000fe0                Vector94
                0x08000fe0                VectorA8
                0x08000fe0                Vector160
                0x08000fe0                VectorEC
                0x08000fe0                UsageFaultVector
                0x08000fe0                DebugMonitorVector
                0x08000fe0                Vector40
                0x08000fe0                VectorF8
                0x08000fe0                Vector108
                0x08000fe0                Vector190
                0x08000fe0                Vector148
                0x08000fe0                Vector188
                0x08000fe0                PendSVVector
                0x08000fe0                Vector198
                0x08000fe0                Vector118
                0x08000fe0                VectorCC
                0x08000fe0                Vector54
                0x08000fe0                Vector98
                0x08000fe0                Vector24
                0x08000fe0                Vector178
                0x08000fe0                Vector1A4
                0x08000fe0                BusFaultVector
                0x08000fe0                VectorD0
                0x08000fe0                Vector140
                0x08000fe0                HardFaultVector
                0x08000fe0                Vector134
                0x08000fe0                VectorF0
                0x08000fe0                Vector13C
                0x08000fe0                Vector100
                0x08000fe0                VectorF4
                0x08000fe0                MemManageVector
                0x08000fe0                VectorA0
                0x08000fe0                VectorC4
                0x08000fe0                Vector180
                0x08000fe0                VectorB0
                0x08000fe0                Vector90
                0x08000fe0                Vector114
                0x08000fe0                Vector164
                0x08000fe0                Vector1C
                0x08000fe0                Vector17C
                0x08000fe0                Vector48
                0x08000fe0                Vector1A8
                0x08000fe0                Vector16C
                0x08000fe0                VectorD4
                0x08000fe0                Vector144
                0x08000fe0                Vector15C
                0x08000fe0                _unhandled_exception
                0x08000fe0                Vector170
                0x08000fe0                Vector88
                0x08000fe0                Vector104
                0x08000fe0                Vector184
                0x08000fe0                Vector10C
                0x08000fe0                Vector14C
                0x08000fe0                Vector50
                0x08000fe0                Vector194
                0x08000fe0                Vector28
                0x08000fe0                VectorB8
                0x08000fe0                Vector34
                0x08000fe0                VectorA4
                0x08000fe0                Vector20
                0x08000fe0                Vector18C
                0x08000fe0                Vector174
 .text.port_halt
                0x08000ff0       0x10 build/obj/chcore.o
                0x08000ff0                port_halt
 .text._port_switch_from_isr
                0x08001000       0x10 build/obj/chcore_v7m.o
                0x08001000                _port_switch_from_isr
 .text.SVCallVector
                0x08001010       0x30 build/obj/chcore_v7m.o
                0x08001010                SVCallVector
 .text._port_init
                0x08001040       0x40 build/obj/chcore_v7m.o
                0x08001040                _port_init
 .text._port_irq_epilogue
                0x08001080       0x80 build/obj/chcore_v7m.o
                0x08001080                _port_irq_epilogue
 .text.SysTickVector
                0x08001100       0x20 build/obj/chcore_v7m.o
                0x08001100                SysTickVector
 .text._port_switch
                0x08001120       0x20 build/obj/chcore_v7m.o
                0x08001120                _port_switch
 .text._port_thread_start
                0x08001140       0x10 build/obj/chcore_v7m.o
                0x08001140                _port_thread_start
 .text.nvicEnableVector
                0x08001150       0x50 build/obj/nvic.o
                0x08001150                nvicEnableVector
 .text.nvicDisableVector
                0x080011a0       0x40 build/obj/nvic.o
                0x080011a0                nvicDisableVector
 .text.nvicSetSystemHandlerPriority
                0x080011e0       0x30 build/obj/nvic.o
                0x080011e0                nvicSetSystemHandlerPriority
 .text._idle_thread
                0x08001210       0x20 build/obj/chsys.o
                0x08001210                _idle_thread
 .text.chSysInit
                0x08001230       0x70 build/obj/chsys.o
                0x08001230                chSysInit
 .text.chSysTimerHandlerI
                0x080012a0       0x60 build/obj/chsys.o
                0x080012a0                chSysTimerHandlerI
 .text._vt_init
                0x08001300       0x20 build/obj/chvt.o
                0x08001300                _vt_init
 .text.chVTSetI
                0x08001320       0x40 build/obj/chvt.o
                0x08001320                chVTSetI
 .text.chVTResetI
                0x08001360       0x30 build/obj/chvt.o
                0x08001360                chVTResetI
 .text.wakeup   0x08001390       0x60 build/obj/chschd.o
 .text._scheduler_init
                0x080013f0       0x20 build/obj/chschd.o
                0x080013f0                _scheduler_init
 .text.chSchReadyI
                0x08001410       0x20 build/obj/chschd.o
                0x08001410                chSchReadyI
 .text.chSchGoSleepS
                0x08001430       0x30 build/obj/chschd.o
                0x08001430                chSchGoSleepS
 .text.chSchGoSleepTimeoutS
                0x08001460       0x40 build/obj/chschd.o
                0x08001460                chSchGoSleepTimeoutS
 .text.chSchWakeupS
                0x080014a0       0x60 build/obj/chschd.o
                0x080014a0                chSchWakeupS
 .text.chSchDoRescheduleBehind
                0x08001500       0x40 build/obj/chschd.o
                0x08001500                chSchDoRescheduleBehind
 .text.chSchDoRescheduleAhead
                0x08001540       0x40 build/obj/chschd.o
                0x08001540                chSchDoRescheduleAhead
 .text.chSchRescheduleS
                0x08001580       0x20 build/obj/chschd.o
                0x08001580                chSchRescheduleS
 .text.chSchDoReschedule
                0x080015a0       0x20 build/obj/chschd.o
                0x080015a0                chSchDoReschedule
 .text._thread_init
                0x080015c0       0x50 build/obj/chthreads.o
                0x080015c0                _thread_init
 .text.chThdCreateI
                0x08001610       0x70 build/obj/chthreads.o
                0x08001610                chThdCreateI
 .text.chThdCreateStatic
                0x08001680       0x30 build/obj/chthreads.o
                0x08001680                chThdCreateStatic
 .text.chThdSetPriority
                0x080016b0       0x30 build/obj/chthreads.o
                0x080016b0                chThdSetPriority
 .text.chThdResume
                0x080016e0       0x20 build/obj/chthreads.o
                0x080016e0                chThdResume
 .text.chThdTerminate
                0x08001700       0x20 build/obj/chthreads.o
                0x08001700                chThdTerminate
 .text.chThdSleep
                0x08001720       0x20 build/obj/chthreads.o
                0x08001720                chThdSleep
 .text.chThdSleepUntil
                0x08001740       0x30 build/obj/chthreads.o
                0x08001740                chThdSleepUntil
 .text.chThdYield
                0x08001770       0x30 build/obj/chthreads.o
                0x08001770                chThdYield
 .text.chThdExitS
                0x080017a0       0x40 build/obj/chthreads.o
                0x080017a0                chThdExitS
 .text.chThdExit
                0x080017e0       0x10 build/obj/chthreads.o
                0x080017e0                chThdExit
 .text.chThdWait
                0x080017f0       0x40 build/obj/chthreads.o
                0x080017f0                chThdWait
 .text.chThdAddRef
                0x08001830       0x20 build/obj/chdynamic.o
                0x08001830                chThdAddRef
 .text.chThdRelease
                0x08001850       0x50 build/obj/chdynamic.o
                0x08001850                chThdRelease
 .text.chThdCreateFromHeap
                0x080018a0       0x40 build/obj/chdynamic.o
                0x080018a0                chThdCreateFromHeap
 .text.chThdCreateFromMemoryPool
                0x080018e0       0x50 build/obj/chdynamic.o
                0x080018e0                chThdCreateFromMemoryPool
 .text.chRegFirstThread
                0x08001930       0x20 build/obj/chregistry.o
                0x08001930                chRegFirstThread
 .text.chRegNextThread
                0x08001950       0x30 build/obj/chregistry.o
                0x08001950                chRegNextThread
 .text.chSemInit
                0x08001980       0x10 build/obj/chsem.o
                0x08001980                chSemInit
 .text.chSemResetI
                0x08001990       0x70 build/obj/chsem.o
                0x08001990                chSemResetI
 .text.chSemReset
                0x08001a00       0x20 build/obj/chsem.o
                0x08001a00                chSemReset
 .text.chSemWaitS
                0x08001a20       0x40 build/obj/chsem.o
                0x08001a20                chSemWaitS
 .text.chSemWait
                0x08001a60       0x20 build/obj/chsem.o
                0x08001a60                chSemWait
 .text.chSemWaitTimeoutS
                0x08001a80       0x40 build/obj/chsem.o
                0x08001a80                chSemWaitTimeoutS
 .text.chSemWaitTimeout
                0x08001ac0       0x20 build/obj/chsem.o
                0x08001ac0                chSemWaitTimeout
 .text.chSemSignal
                0x08001ae0       0x30 build/obj/chsem.o
                0x08001ae0                chSemSignal
 .text.chSemSignalI
                0x08001b10       0x20 build/obj/chsem.o
                0x08001b10                chSemSignalI
 .text.chSemAddCounterI
                0x08001b30       0xa0 build/obj/chsem.o
                0x08001b30                chSemAddCounterI
 .text.chSemSignalWait
                0x08001bd0       0x70 build/obj/chsem.o
                0x08001bd0                chSemSignalWait
 .text.chMtxInit
                0x08001c40       0x10 build/obj/chmtx.o
                0x08001c40                chMtxInit
 .text.chMtxLockS
                0x08001c50       0xd0 build/obj/chmtx.o
                0x08001c50                chMtxLockS
 .text.chMtxLock
                0x08001d20       0x20 build/obj/chmtx.o
                0x08001d20                chMtxLock
 .text.chMtxTryLock
                0x08001d40       0x30 build/obj/chmtx.o
                0x08001d40                chMtxTryLock
 .text.chMtxUnlock
                0x08001d70       0x60 build/obj/chmtx.o
                0x08001d70                chMtxUnlock
 .text.chMtxUnlockS
                0x08001dd0       0x50 build/obj/chmtx.o
                0x08001dd0                chMtxUnlockS
 .text.chMtxUnlockAll
                0x08001e20       0x60 build/obj/chmtx.o
                0x08001e20                chMtxUnlockAll
 .text.chCondInit
                0x08001e80       0x10 build/obj/chcond.o
                0x08001e80                chCondInit
 .text.chCondSignal
                0x08001e90       0x30 build/obj/chcond.o
                0x08001e90                chCondSignal
 .text.chCondSignalI
                0x08001ec0       0x20 build/obj/chcond.o
                0x08001ec0                chCondSignalI
 .text.chCondBroadcastI
                0x08001ee0       0x30 build/obj/chcond.o
                0x08001ee0                chCondBroadcastI
 .text.chCondBroadcast
                0x08001f10       0x20 build/obj/chcond.o
                0x08001f10                chCondBroadcast
 .text.chCondWaitS
                0x08001f30       0x50 build/obj/chcond.o
                0x08001f30                chCondWaitS
 .text.chCondWait
                0x08001f80       0x20 build/obj/chcond.o
                0x08001f80                chCondWait
 .text.chCondWaitTimeoutS
                0x08001fa0       0x50 build/obj/chcond.o
                0x08001fa0                chCondWaitTimeoutS
 .text.chCondWaitTimeout
                0x08001ff0       0x20 build/obj/chcond.o
                0x08001ff0                chCondWaitTimeout
 .text.chEvtRegisterMask
                0x08002010       0x30 build/obj/chevents.o
                0x08002010                chEvtRegisterMask
 .text.chEvtUnregister
                0x08002040       0x30 build/obj/chevents.o
                0x08002040                chEvtUnregister
 .text.chEvtGetAndClearEvents
                0x08002070       0x30 build/obj/chevents.o
                0x08002070                chEvtGetAndClearEvents
 .text.chEvtAddEvents
                0x080020a0       0x20 build/obj/chevents.o
                0x080020a0                chEvtAddEvents
 .text.chEvtSignalI
                0x080020c0       0x30 build/obj/chevents.o
                0x080020c0                chEvtSignalI
 .text.chEvtSignal
                0x080020f0       0x20 build/obj/chevents.o
                0x080020f0                chEvtSignal
 .text.chEvtBroadcastFlagsI
                0x08002110       0x20 build/obj/chevents.o
                0x08002110                chEvtBroadcastFlagsI
 .text.chEvtBroadcastFlags
                0x08002130       0x20 build/obj/chevents.o
                0x08002130                chEvtBroadcastFlags
 .text.chEvtDispatch
                0x08002150       0x30 build/obj/chevents.o
                0x08002150                chEvtDispatch
 .text.chEvtWaitOne
                0x08002180       0x40 build/obj/chevents.o
                0x08002180                chEvtWaitOne
 .text.chEvtWaitAny
                0x080021c0       0x40 build/obj/chevents.o
                0x080021c0                chEvtWaitAny
 .text.chEvtWaitAll
                0x08002200       0x40 build/obj/chevents.o
                0x08002200                chEvtWaitAll
 .text.chEvtWaitOneTimeout
                0x08002240       0x50 build/obj/chevents.o
                0x08002240                chEvtWaitOneTimeout
 .text.chEvtWaitAnyTimeout
                0x08002290       0x50 build/obj/chevents.o
                0x08002290                chEvtWaitAnyTimeout
 .text.chEvtWaitAllTimeout
                0x080022e0       0x60 build/obj/chevents.o
                0x080022e0                chEvtWaitAllTimeout
 .text.chMsgSend
                0x08002340       0x40 build/obj/chmsg.o
                0x08002340                chMsgSend
 .text.chMsgWait
                0x08002380       0x40 build/obj/chmsg.o
                0x08002380                chMsgWait
 .text.chMsgRelease
                0x080023c0       0x20 build/obj/chmsg.o
                0x080023c0                chMsgRelease
 .text.chMBInit
                0x080023e0       0x30 build/obj/chmboxes.o
                0x080023e0                chMBInit
 .text.chMBReset
                0x08002410       0x40 build/obj/chmboxes.o
                0x08002410                chMBReset
 .text.chMBPostS
                0x08002450       0x40 build/obj/chmboxes.o
                0x08002450                chMBPostS
 .text.chMBPost
                0x08002490       0x20 build/obj/chmboxes.o
                0x08002490                chMBPost
 .text.chMBPostI
                0x080024b0       0x30 build/obj/chmboxes.o
                0x080024b0                chMBPostI
 .text.chMBPostAheadS
                0x080024e0       0x40 build/obj/chmboxes.o
                0x080024e0                chMBPostAheadS
 .text.chMBPostAhead
                0x08002520       0x20 build/obj/chmboxes.o
                0x08002520                chMBPostAhead
 .text.chMBPostAheadI
                0x08002540       0x30 build/obj/chmboxes.o
                0x08002540                chMBPostAheadI
 .text.chMBFetchS
                0x08002570       0x40 build/obj/chmboxes.o
                0x08002570                chMBFetchS
 .text.chMBFetch
                0x080025b0       0x20 build/obj/chmboxes.o
                0x080025b0                chMBFetch
 .text.chMBFetchI
                0x080025d0       0x30 build/obj/chmboxes.o
                0x080025d0                chMBFetchI
 .text.qwait    0x08002600       0x30 build/obj/chqueues.o
 .text.chIQInit
                0x08002630       0x20 build/obj/chqueues.o
                0x08002630                chIQInit
 .text.chIQResetI
                0x08002650       0x30 build/obj/chqueues.o
                0x08002650                chIQResetI
 .text.chIQPutI
                0x08002680       0x50 build/obj/chqueues.o
                0x08002680                chIQPutI
 .text.chIQGetTimeout
                0x080026d0       0x50 build/obj/chqueues.o
                0x080026d0                chIQGetTimeout
 .text.chIQReadTimeout
                0x08002720       0x80 build/obj/chqueues.o
                0x08002720                chIQReadTimeout
 .text.chOQInit
                0x080027a0       0x20 build/obj/chqueues.o
                0x080027a0                chOQInit
 .text.chOQResetI
                0x080027c0       0x30 build/obj/chqueues.o
                0x080027c0                chOQResetI
 .text.chOQPutTimeout
                0x080027f0       0x50 build/obj/chqueues.o
                0x080027f0                chOQPutTimeout
 .text.chOQGetI
                0x08002840       0x50 build/obj/chqueues.o
                0x08002840                chOQGetI
 .text.chOQWriteTimeout
                0x08002890       0x80 build/obj/chqueues.o
                0x08002890                chOQWriteTimeout
 .text._core_init
                0x08002910       0x30 build/obj/chmemcore.o
                0x08002910                _core_init
 .text.chCoreAlloc
                0x08002940       0x40 build/obj/chmemcore.o
                0x08002940                chCoreAlloc
 .text.chCoreStatus
                0x08002980       0x20 build/obj/chmemcore.o
                0x08002980                chCoreStatus
 .text._heap_init
                0x080029a0       0x20 build/obj/chheap.o
                0x080029a0                _heap_init
 .text.chHeapInit
                0x080029c0       0x20 build/obj/chheap.o
                0x080029c0                chHeapInit
 .text.chHeapAlloc
                0x080029e0       0x90 build/obj/chheap.o
                0x080029e0                chHeapAlloc
 .text.chHeapFree
                0x08002a70       0x90 build/obj/chheap.o
                0x08002a70                chHeapFree
 .text.chHeapStatus
                0x08002b00       0x40 build/obj/chheap.o
                0x08002b00                chHeapStatus
 .text.chPoolInit
                0x08002b40       0x10 build/obj/chmempools.o
                0x08002b40                chPoolInit
 .text.chPoolLoadArray
                0x08002b50       0x80 build/obj/chmempools.o
                0x08002b50                chPoolLoadArray
 .text.chPoolAlloc
                0x08002bd0       0x30 build/obj/chmempools.o
                0x08002bd0                chPoolAlloc
 .text.chPoolFree
                0x08002c00       0x20 build/obj/chmempools.o
                0x08002c00                chPoolFree
 .text.tmr      0x08002c20       0x10 build/obj/test.o
 .text.print_line
                0x08002c30       0x40 build/obj/test.o
 .text.test_printn
                0x08002c70       0x90 build/obj/test.o
                0x08002c70                test_printn
 .text.test_print
                0x08002d00       0x20 build/obj/test.o
                0x08002d00                test_print
 .text.test_println
                0x08002d20       0x30 build/obj/test.o
                0x08002d20                test_println
 .text.test_emit_token
                0x08002d50       0x20 build/obj/test.o
                0x08002d50                test_emit_token
 .text._test_assert
                0x08002d70       0x30 build/obj/test.o
                0x08002d70                _test_assert
 .text._test_assert_sequence
                0x08002da0       0x80 build/obj/test.o
                0x08002da0                _test_assert_sequence
 .text._test_assert_time_window
                0x08002e20       0x40 build/obj/test.o
                0x08002e20                _test_assert_time_window
 .text.test_terminate_threads
                0x08002e60       0x40 build/obj/test.o
                0x08002e60                test_terminate_threads
 .text.test_wait_threads
                0x08002ea0       0x50 build/obj/test.o
                0x08002ea0                test_wait_threads
 .text.test_cpu_pulse
                0x08002ef0       0x50 build/obj/test.o
                0x08002ef0                test_cpu_pulse
 .text.test_wait_tick
                0x08002f40       0x20 build/obj/test.o
                0x08002f40                test_wait_tick
 .text.test_start_timer
                0x08002f60       0x50 build/obj/test.o
                0x08002f60                test_start_timer
 .text.TestThread
                0x08002fb0      0x320 build/obj/test.o
                0x08002fb0                TestThread
 .text.thd3_execute
                0x080032d0      0x140 build/obj/testthd.o
 .text.thd2_execute
                0x08003410       0xf0 build/obj/testthd.o
 .text.thd1_execute
                0x08003500       0xf0 build/obj/testthd.o
 .text.thread   0x080035f0       0x10 build/obj/testthd.o
 .text.thd4_execute
                0x08003600       0x80 build/obj/testthd.o
 .text.sem3_setup
                0x08003680       0x10 build/obj/testsem.o
 .text.sem2_setup
                0x08003690       0x10 build/obj/testsem.o
 .text.sem1_setup
                0x080036a0       0x10 build/obj/testsem.o
 .text.sem4_execute
                0x080036b0      0x100 build/obj/testsem.o
 .text.thread4  0x080037b0       0x30 build/obj/testsem.o
 .text.thread3  0x080037e0       0x20 build/obj/testsem.o
 .text.thread1  0x08003800       0x20 build/obj/testsem.o
 .text.thread2  0x08003820       0x30 build/obj/testsem.o
 .text.sem1_execute
                0x08003850      0x150 build/obj/testsem.o
 .text.sem3_execute
                0x080039a0       0xa0 build/obj/testsem.o
 .text.sem2_execute
                0x08003a40      0x2a0 build/obj/testsem.o
 .text.mtx8_execute
                0x08003ce0       0xb0 build/obj/testmtx.o
 .text.thread12
                0x08003d90       0x20 build/obj/testmtx.o
 .text.thread1  0x08003db0       0x20 build/obj/testmtx.o
 .text.thread10
                0x08003dd0       0x30 build/obj/testmtx.o
 .text.thread11
                0x08003e00       0x40 build/obj/testmtx.o
 .text.mtx8_setup
                0x08003e40       0x30 build/obj/testmtx.o
 .text.mtx7_setup
                0x08003e70       0x20 build/obj/testmtx.o
 .text.mtx6_setup
                0x08003e90       0x20 build/obj/testmtx.o
 .text.mtx5_setup
                0x08003eb0       0x10 build/obj/testmtx.o
 .text.mtx4_setup
                0x08003ec0       0x20 build/obj/testmtx.o
 .text.mtx3_setup
                0x08003ee0       0x20 build/obj/testmtx.o
 .text.mtx2_setup
                0x08003f00       0x10 build/obj/testmtx.o
 .text.mtx1_setup
                0x08003f10       0x10 build/obj/testmtx.o
 .text.mtx7_execute
                0x08003f20       0xd0 build/obj/testmtx.o
 .text.mtx6_execute
                0x08003ff0      0x100 build/obj/testmtx.o
 .text.mtx1_execute
                0x080040f0       0xe0 build/obj/testmtx.o
 .text.mtx5_execute
                0x080041d0       0xc0 build/obj/testmtx.o
 .text.mtx4_execute
                0x08004290      0x270 build/obj/testmtx.o
 .text.thread4b
                0x08004500       0x20 build/obj/testmtx.o
 .text.thread4a
                0x08004520       0x20 build/obj/testmtx.o
 .text.mtx3_execute
                0x08004540       0xf0 build/obj/testmtx.o
 .text.mtx2_execute
                0x08004630       0xb0 build/obj/testmtx.o
 .text.thread3HH
                0x080046e0       0x30 build/obj/testmtx.o
 .text.thread3H
                0x08004710       0x20 build/obj/testmtx.o
 .text.thread3M
                0x08004730       0x30 build/obj/testmtx.o
 .text.thread3L
                0x08004760       0x50 build/obj/testmtx.o
 .text.thread3LL
                0x080047b0       0x30 build/obj/testmtx.o
 .text.thread2L
                0x080047e0       0x30 build/obj/testmtx.o
 .text.thread2M
                0x08004810       0x20 build/obj/testmtx.o
 .text.thread2H
                0x08004830       0x30 build/obj/testmtx.o
 .text.msg1_execute
                0x08004860       0x90 build/obj/testmsg.o
 .text.thread   0x080048f0       0x20 build/obj/testmsg.o
 .text.mbox1_execute
                0x08004910      0x690 build/obj/testmbox.o
 .text.mbox1_setup
                0x08004fa0       0x20 build/obj/testmbox.o
 .text.evt3_setup
                0x08004fc0       0x10 build/obj/testevt.o
 .text.evt2_setup
                0x08004fd0       0x10 build/obj/testevt.o
 .text.evt1_setup
                0x08004fe0       0x10 build/obj/testevt.o
 .text.evt2_execute
                0x08004ff0      0x260 build/obj/testevt.o
 .text.thread2  0x08005250       0x30 build/obj/testevt.o
 .text.thread1  0x08005280       0x20 build/obj/testevt.o
 .text.evt1_execute
                0x080052a0       0x90 build/obj/testevt.o
 .text.h3       0x08005330       0x10 build/obj/testevt.o
 .text.h2       0x08005340       0x10 build/obj/testevt.o
 .text.h1       0x08005350       0x10 build/obj/testevt.o
 .text.evt3_execute
                0x08005360       0xb0 build/obj/testevt.o
 .text.heap1_execute
                0x08005410      0x250 build/obj/testheap.o
 .text.heap1_setup
                0x08005660       0x20 build/obj/testheap.o
 .text.null_provider
                0x08005680       0x10 build/obj/testpools.o
 .text.pools1_setup
                0x08005690       0x20 build/obj/testpools.o
 .text.pools1_execute
                0x080056b0      0x170 build/obj/testpools.o
 .text.regfind  0x08005820       0x30 build/obj/testdyn.o
 .text.dyn3_execute
                0x08005850      0x140 build/obj/testdyn.o
 .text.thread   0x08005990       0x10 build/obj/testdyn.o
 .text.dyn3_setup
                0x080059a0       0x20 build/obj/testdyn.o
 .text.dyn1_setup
                0x080059c0       0x20 build/obj/testdyn.o
 .text.dyn2_execute
                0x080059e0      0x140 build/obj/testdyn.o
 .text.dyn2_setup
                0x08005b20       0x20 build/obj/testdyn.o
 .text.dyn1_execute
                0x08005b40       0xf0 build/obj/testdyn.o
 .text.notify   0x08005c30       0x10 build/obj/testqueues.o
 .text.thread2  0x08005c40       0x20 build/obj/testqueues.o
 .text.queues2_setup
                0x08005c60       0x30 build/obj/testqueues.o
 .text.thread1  0x08005c90       0x20 build/obj/testqueues.o
 .text.queues1_setup
                0x08005cb0       0x30 build/obj/testqueues.o
 .text.queues2_execute
                0x08005ce0      0x2d0 build/obj/testqueues.o
 .text.queues1_execute
                0x08005fb0      0x2f0 build/obj/testqueues.o
 .text.thread2  0x080062a0       0x10 build/obj/testbmk.o
 .text.tmo      0x080062b0       0x10 build/obj/testbmk.o
 .text.bmk13_execute
                0x080062c0      0x100 build/obj/testbmk.o
 .text.bmk12_execute
                0x080063c0       0x70 build/obj/testbmk.o
 .text.bmk12_setup
                0x08006430       0x10 build/obj/testbmk.o
 .text.thread3  0x08006440       0x30 build/obj/testbmk.o
 .text.bmk11_execute
                0x08006470       0x70 build/obj/testbmk.o
 .text.bmk11_setup
                0x080064e0       0x10 build/obj/testbmk.o
 .text.bmk7_setup
                0x080064f0       0x10 build/obj/testbmk.o
 .text.bmk10_execute
                0x08006500       0x80 build/obj/testbmk.o
 .text.bmk9_execute
                0x08006580       0xb0 build/obj/testbmk.o
 .text.bmk6_execute
                0x08006630       0x70 build/obj/testbmk.o
 .text.bmk8_execute
                0x080066a0       0xf0 build/obj/testbmk.o
 .text.thread8  0x08006790       0x40 build/obj/testbmk.o
 .text.bmk7_execute
                0x080067d0      0x110 build/obj/testbmk.o
 .text.bmk5_execute
                0x080068e0       0x80 build/obj/testbmk.o
 .text.bmk4_execute
                0x08006960       0xc0 build/obj/testbmk.o
 .text.msg_loop_test
                0x08006a20       0x40 build/obj/testbmk.o
 .text.bmk3_execute
                0x08006a60       0xe0 build/obj/testbmk.o
 .text.bmk2_execute
                0x08006b40       0x80 build/obj/testbmk.o
 .text.bmk1_execute
                0x08006bc0       0x80 build/obj/testbmk.o
 .text.thread1  0x08006c40       0x20 build/obj/testbmk.o
 .text.thread4  0x08006c60       0x30 build/obj/testbmk.o
                0x08006c60                thread4
 .text.halInit  0x08006c90       0x40 build/obj/hal.o
                0x08006c90                halInit
 .text.extInit  0x08006cd0       0x10 build/obj/ext.o
                0x08006cd0                extInit
 .text.extObjectInit
                0x08006ce0       0x10 build/obj/ext.o
                0x08006ce0                extObjectInit
 .text.extStart
                0x08006cf0       0x20 build/obj/ext.o
                0x08006cf0                extStart
 .text.extStop  0x08006d10       0x20 build/obj/ext.o
                0x08006d10                extStop
 .text.extChannelEnable
                0x08006d30       0x20 build/obj/ext.o
                0x08006d30                extChannelEnable
 .text.extChannelDisable
                0x08006d50       0x20 build/obj/ext.o
                0x08006d50                extChannelDisable
 .text.gptInit  0x08006d70       0x10 build/obj/gpt.o
                0x08006d70                gptInit
 .text.gptObjectInit
                0x08006d80       0x10 build/obj/gpt.o
                0x08006d80                gptObjectInit
 .text.gptStart
                0x08006d90       0x20 build/obj/gpt.o
                0x08006d90                gptStart
 .text.i2cInit  0x08006db0       0x10 build/obj/i2c.o
                0x08006db0                i2cInit
 .text.i2cObjectInit
                0x08006dc0       0x10 build/obj/i2c.o
                0x08006dc0                i2cObjectInit
 .text.i2cStart
                0x08006dd0       0x20 build/obj/i2c.o
                0x08006dd0                i2cStart
 .text.i2cMasterTransmitTimeout
                0x08006df0       0x40 build/obj/i2c.o
                0x08006df0                i2cMasterTransmitTimeout
 .text.i2cMasterReceiveTimeout
                0x08006e30       0x40 build/obj/i2c.o
                0x08006e30                i2cMasterReceiveTimeout
 .text.i2cAcquireBus
                0x08006e70       0x10 build/obj/i2c.o
                0x08006e70                i2cAcquireBus
 .text.i2cReleaseBus
                0x08006e80       0x10 build/obj/i2c.o
                0x08006e80                i2cReleaseBus
 .text.mmcGetInfo
                0x08006e90       0x20 build/obj/mmc_spi.o
                0x08006e90                mmcGetInfo
 .text.recvr1   0x08006eb0       0xc0 build/obj/mmc_spi.o
 .text.wait     0x08006f70      0x170 build/obj/mmc_spi.o
 .text.send_hdr
                0x080070e0       0x70 build/obj/mmc_spi.o
 .text.send_command_R1
                0x08007150       0x40 build/obj/mmc_spi.o
 .text.send_command_R3
                0x08007190       0x50 build/obj/mmc_spi.o
 .text.sync     0x080071e0       0x50 build/obj/mmc_spi.o
 .text.read_CxD
                0x08007230      0x150 build/obj/mmc_spi.o
 .text.mmcConnect
                0x08007380      0x280 build/obj/mmc_spi.o
                0x08007380                mmcConnect
 .text.mmcSync  0x08007600       0x30 build/obj/mmc_spi.o
                0x08007600                mmcSync
 .text.mmcDisconnect
                0x08007630       0x50 build/obj/mmc_spi.o
                0x08007630                mmcDisconnect
 .text.mmcInit  0x08007680       0x10 build/obj/mmc_spi.o
                0x08007680                mmcInit
 .text.mmcObjectInit
                0x08007690       0x20 build/obj/mmc_spi.o
                0x08007690                mmcObjectInit
 .text.mmcStart
                0x080076b0       0x10 build/obj/mmc_spi.o
                0x080076b0                mmcStart
 .text.mmcStartSequentialRead
                0x080076c0       0x60 build/obj/mmc_spi.o
                0x080076c0                mmcStartSequentialRead
 .text.mmcSequentialRead
                0x08007720       0x80 build/obj/mmc_spi.o
                0x08007720                mmcSequentialRead
 .text.mmcStopSequentialRead
                0x080077a0       0x40 build/obj/mmc_spi.o
                0x080077a0                mmcStopSequentialRead
 .text.mmc_read
                0x080077e0       0x70 build/obj/mmc_spi.o
 .text.mmcStartSequentialWrite
                0x08007850       0x60 build/obj/mmc_spi.o
                0x08007850                mmcStartSequentialWrite
 .text.mmcSequentialWrite
                0x080078b0       0x80 build/obj/mmc_spi.o
                0x080078b0                mmcSequentialWrite
 .text.mmcStopSequentialWrite
                0x08007930       0x40 build/obj/mmc_spi.o
                0x08007930                mmcStopSequentialWrite
 .text.mmc_write
                0x08007970       0x70 build/obj/mmc_spi.o
 .text.mmcsdGetCapacity
                0x080079e0       0x50 build/obj/mmcsd.o
                0x080079e0                mmcsdGetCapacity
 .text.readt    0x08007a30       0x10 build/obj/serial.o
 .text.read     0x08007a40       0x10 build/obj/serial.o
 .text.writet   0x08007a50       0x10 build/obj/serial.o
 .text.write    0x08007a60       0x10 build/obj/serial.o
 .text.gett     0x08007a70       0x10 build/obj/serial.o
 .text.get      0x08007a80       0x10 build/obj/serial.o
 .text.putt     0x08007a90       0x10 build/obj/serial.o
 .text.put      0x08007aa0       0x10 build/obj/serial.o
 .text.sdInit   0x08007ab0       0x10 build/obj/serial.o
                0x08007ab0                sdInit
 .text.sdObjectInit
                0x08007ac0       0x50 build/obj/serial.o
                0x08007ac0                sdObjectInit
 .text.sdStart  0x08007b10       0x20 build/obj/serial.o
                0x08007b10                sdStart
 .text.sdIncomingDataI
                0x08007b30       0x40 build/obj/serial.o
                0x08007b30                sdIncomingDataI
 .text.spiInit  0x08007b70       0x10 build/obj/spi.o
                0x08007b70                spiInit
 .text.spiObjectInit
                0x08007b80       0x10 build/obj/spi.o
                0x08007b80                spiObjectInit
 .text.spiStart
                0x08007b90       0x20 build/obj/spi.o
                0x08007b90                spiStart
 .text.spiStop  0x08007bb0       0x20 build/obj/spi.o
                0x08007bb0                spiStop
 .text.spiSelect
                0x08007bd0       0x20 build/obj/spi.o
                0x08007bd0                spiSelect
 .text.spiUnselect
                0x08007bf0       0x20 build/obj/spi.o
                0x08007bf0                spiUnselect
 .text.spiIgnore
                0x08007c10       0x30 build/obj/spi.o
                0x08007c10                spiIgnore
 .text.spiExchange
                0x08007c40       0x30 build/obj/spi.o
                0x08007c40                spiExchange
 .text.spiSend  0x08007c70       0x30 build/obj/spi.o
                0x08007c70                spiSend
 .text.spiReceive
                0x08007ca0       0x30 build/obj/spi.o
                0x08007ca0                spiReceive
 .text.spiAcquireBus
                0x08007cd0       0x10 build/obj/spi.o
                0x08007cd0                spiAcquireBus
 .text.spiReleaseBus
                0x08007ce0       0x10 build/obj/spi.o
                0x08007ce0                spiReleaseBus
 .text.tm_start
                0x08007cf0       0x10 build/obj/tm.o
 .text.tm_stop  0x08007d00       0x40 build/obj/tm.o
 .text.tmInit   0x08007d40       0x50 build/obj/tm.o
                0x08007d40                tmInit
 .text.Vector6C
                0x08007d90       0x30 build/obj/stm32_dma.o
                0x08007d90                Vector6C
 .text.Vector70
                0x08007dc0       0x30 build/obj/stm32_dma.o
                0x08007dc0                Vector70
 .text.Vector74
                0x08007df0       0x30 build/obj/stm32_dma.o
                0x08007df0                Vector74
 .text.Vector78
                0x08007e20       0x30 build/obj/stm32_dma.o
                0x08007e20                Vector78
 .text.Vector7C
                0x08007e50       0x30 build/obj/stm32_dma.o
                0x08007e50                Vector7C
 .text.Vector80
                0x08007e80       0x30 build/obj/stm32_dma.o
                0x08007e80                Vector80
 .text.Vector84
                0x08007eb0       0x30 build/obj/stm32_dma.o
                0x08007eb0                Vector84
 .text.VectorFC
                0x08007ee0       0x30 build/obj/stm32_dma.o
                0x08007ee0                VectorFC
 .text.Vector120
                0x08007f10       0x30 build/obj/stm32_dma.o
                0x08007f10                Vector120
 .text.Vector124
                0x08007f40       0x30 build/obj/stm32_dma.o
                0x08007f40                Vector124
 .text.Vector128
                0x08007f70       0x30 build/obj/stm32_dma.o
                0x08007f70                Vector128
 .text.Vector12C
                0x08007fa0       0x30 build/obj/stm32_dma.o
                0x08007fa0                Vector12C
 .text.Vector130
                0x08007fd0       0x30 build/obj/stm32_dma.o
                0x08007fd0                Vector130
 .text.Vector150
                0x08008000       0x30 build/obj/stm32_dma.o
                0x08008000                Vector150
 .text.Vector154
                0x08008030       0x30 build/obj/stm32_dma.o
                0x08008030                Vector154
 .text.Vector158
                0x08008060       0x30 build/obj/stm32_dma.o
                0x08008060                Vector158
 .text.dmaInit  0x08008090      0x140 build/obj/stm32_dma.o
                0x08008090                dmaInit
 .text.dmaStreamAllocate
                0x080081d0       0xa0 build/obj/stm32_dma.o
                0x080081d0                dmaStreamAllocate
 .text.dmaStreamRelease
                0x08008270       0x50 build/obj/stm32_dma.o
                0x08008270                dmaStreamRelease
 .text.hal_lld_init
                0x080082c0       0xb0 build/obj/hal_lld.o
                0x080082c0                hal_lld_init
 .text.stm32_clock_init
                0x08008370       0xf0 build/obj/hal_lld.o
                0x08008370                stm32_clock_init
 .text.Vector58
                0x08008460       0x30 build/obj/ext_lld_isr.o
                0x08008460                Vector58
 .text.Vector5C
                0x08008490       0x30 build/obj/ext_lld_isr.o
                0x08008490                Vector5C
 .text.Vector60
                0x080084c0       0x30 build/obj/ext_lld_isr.o
                0x080084c0                Vector60
 .text.Vector64
                0x080084f0       0x30 build/obj/ext_lld_isr.o
                0x080084f0                Vector64
 .text.Vector68
                0x08008520       0x30 build/obj/ext_lld_isr.o
                0x08008520                Vector68
 .text.Vector9C
                0x08008550       0x70 build/obj/ext_lld_isr.o
                0x08008550                Vector9C
 .text.VectorE0
                0x080085c0       0x80 build/obj/ext_lld_isr.o
                0x080085c0                VectorE0
 .text.Vector44
                0x08008640       0x30 build/obj/ext_lld_isr.o
                0x08008640                Vector44
 .text.VectorE4
                0x08008670       0x30 build/obj/ext_lld_isr.o
                0x08008670                VectorE4
 .text.VectorE8
                0x080086a0       0x30 build/obj/ext_lld_isr.o
                0x080086a0                VectorE8
 .text.Vector138
                0x080086d0       0x30 build/obj/ext_lld_isr.o
                0x080086d0                Vector138
 .text.Vector4C
                0x08008700       0x30 build/obj/ext_lld_isr.o
                0x08008700                Vector4C
 .text.ext_lld_exti_irq_enable
                0x08008730       0x60 build/obj/ext_lld_isr.o
                0x08008730                ext_lld_exti_irq_enable
 .text.ext_lld_exti_irq_disable
                0x08008790       0x50 build/obj/ext_lld_isr.o
                0x08008790                ext_lld_exti_irq_disable
 .text.ext_lld_init
                0x080087e0       0x10 build/obj/ext_lld.o
                0x080087e0                ext_lld_init
 .text.ext_lld_stop
                0x080087f0       0x30 build/obj/ext_lld.o
                0x080087f0                ext_lld_stop
 .text.ext_lld_channel_enable
                0x08008820       0xd0 build/obj/ext_lld.o
                0x08008820                ext_lld_channel_enable
 .text.ext_lld_channel_disable
                0x080088f0       0x30 build/obj/ext_lld.o
                0x080088f0                ext_lld_channel_disable
 .text.ext_lld_start
                0x08008920       0x80 build/obj/ext_lld.o
                0x08008920                ext_lld_start
 .text._pal_lld_init
                0x080089a0      0x110 build/obj/pal_lld.o
                0x080089a0                _pal_lld_init
 .text._pal_lld_setgroupmode
                0x08008ab0       0xd0 build/obj/pal_lld.o
                0x08008ab0                _pal_lld_setgroupmode
 .text.i2c_lld_abort_operation
                0x08008b80       0x60 build/obj/i2c_lld.o
 .text.i2c_lld_safety_timeout
                0x08008be0       0x30 build/obj/i2c_lld.o
 .text.i2c_lld_serve_tx_end_irq
                0x08008c10       0x40 build/obj/i2c_lld.o
 .text.i2c_lld_serve_rx_end_irq
                0x08008c50       0x70 build/obj/i2c_lld.o
 .text.VectorBC
                0x08008cc0      0x120 build/obj/i2c_lld.o
                0x08008cc0                VectorBC
 .text.VectorC0
                0x08008de0      0x100 build/obj/i2c_lld.o
                0x08008de0                VectorC0
 .text.i2c_lld_init
                0x08008ee0       0x30 build/obj/i2c_lld.o
                0x08008ee0                i2c_lld_init
 .text.i2c_lld_start
                0x08008f10      0x190 build/obj/i2c_lld.o
                0x08008f10                i2c_lld_start
 .text.i2c_lld_master_receive_timeout
                0x080090a0       0xf0 build/obj/i2c_lld.o
                0x080090a0                i2c_lld_master_receive_timeout
 .text.i2c_lld_master_transmit_timeout
                0x08009190       0xf0 build/obj/i2c_lld.o
                0x08009190                i2c_lld_master_transmit_timeout
 .text.spi_lld_serve_tx_interrupt
                0x08009280       0x10 build/obj/spi_lld.o
 .text.spi_lld_serve_rx_interrupt
                0x08009290       0x90 build/obj/spi_lld.o
 .text.spi_lld_init
                0x08009320       0x80 build/obj/spi_lld.o
                0x08009320                spi_lld_init
 .text.spi_lld_start
                0x080093a0       0xe0 build/obj/spi_lld.o
                0x080093a0                spi_lld_start
 .text.spi_lld_stop
                0x08009480       0x60 build/obj/spi_lld.o
                0x08009480                spi_lld_stop
 .text.spi_lld_select
                0x080094e0       0x20 build/obj/spi_lld.o
                0x080094e0                spi_lld_select
 .text.spi_lld_unselect
                0x08009500       0x20 build/obj/spi_lld.o
                0x08009500                spi_lld_unselect
 .text.spi_lld_ignore
                0x08009520       0x40 build/obj/spi_lld.o
                0x08009520                spi_lld_ignore
 .text.spi_lld_exchange
                0x08009560       0x40 build/obj/spi_lld.o
                0x08009560                spi_lld_exchange
 .text.spi_lld_send
                0x080095a0       0x40 build/obj/spi_lld.o
                0x080095a0                spi_lld_send
 .text.spi_lld_receive
                0x080095e0       0x40 build/obj/spi_lld.o
                0x080095e0                spi_lld_receive
 .text.VectorB4
                0x08009620       0x40 build/obj/gpt_lld.o
                0x08009620                VectorB4
 .text.gpt_lld_init
                0x08009660       0x20 build/obj/gpt_lld.o
                0x08009660                gpt_lld_init
 .text.gpt_lld_start
                0x08009680       0x70 build/obj/gpt_lld.o
                0x08009680                gpt_lld_start
 .text.notify2  0x080096f0       0x20 build/obj/serial_lld.o
 .text.VectorD8
                0x08009710      0x130 build/obj/serial_lld.o
                0x08009710                VectorD8
 .text.sd_lld_init
                0x08009840       0x30 build/obj/serial_lld.o
                0x08009840                sd_lld_init
 .text.sd_lld_start
                0x08009870       0xb0 build/obj/serial_lld.o
                0x08009870                sd_lld_start
 .text.__early_init
                0x08009920       0x10 build/obj/board.o
                0x08009920                __early_init
 .text.mmc_lld_is_card_inserted
                0x08009930       0x10 build/obj/board.o
                0x08009930                mmc_lld_is_card_inserted
 .text.mmc_lld_is_write_protected
                0x08009940       0x10 build/obj/board.o
                0x08009940                mmc_lld_is_write_protected
 .text.boardInit
                0x08009950       0x10 build/obj/board.o
                0x08009950                boardInit
 .text.disk_initialize
                0x08009960       0x30 build/obj/fatfs_diskio.o
                0x08009960                disk_initialize
 .text.disk_status
                0x08009990       0x30 build/obj/fatfs_diskio.o
                0x08009990                disk_status
 .text.disk_read
                0x080099c0       0xa0 build/obj/fatfs_diskio.o
                0x080099c0                disk_read
 .text.disk_write
                0x08009a60       0xb0 build/obj/fatfs_diskio.o
                0x08009a60                disk_write
 .text.ff_cre_syncobj
                0x08009b10       0x20 build/obj/fatfs_syscall.o
                0x08009b10                ff_cre_syncobj
 .text.ff_del_syncobj
                0x08009b30       0x10 build/obj/fatfs_syscall.o
                0x08009b30                ff_del_syncobj
 .text.ff_req_grant
                0x08009b40       0x20 build/obj/fatfs_syscall.o
                0x08009b40                ff_req_grant
 .text.ff_rel_grant
                0x08009b60       0x10 build/obj/fatfs_syscall.o
                0x08009b60                ff_rel_grant
 .text.ff_memalloc
                0x08009b70       0x10 build/obj/fatfs_syscall.o
                0x08009b70                ff_memalloc
 .text.ff_memfree
                0x08009b80       0x10 build/obj/fatfs_syscall.o
                0x08009b80                ff_memfree
 .text.get_fileinfo
                0x08009b90      0x210 build/obj/ff.o
 .text.move_window
                0x08009da0       0xb0 build/obj/ff.o
 .text.check_fs
                0x08009e50       0x90 build/obj/ff.o
 .text.validate
                0x08009ee0       0x40 build/obj/ff.o
 .text.unlock_fs
                0x08009f20       0x20 build/obj/ff.o
 .text.chk_mounted
                0x08009f40      0x330 build/obj/ff.o
 .text.get_fat  0x0800a270       0xd0 build/obj/ff.o
                0x0800a270                get_fat
 .text.dir_sdi  0x0800a340       0xa0 build/obj/ff.o
 .text.put_fat  0x0800a3e0      0x110 build/obj/ff.o
                0x0800a3e0                put_fat
 .text.create_chain
                0x0800a4f0       0xa0 build/obj/ff.o
 .text.dir_next
                0x0800a590      0x130 build/obj/ff.o
 .text.dir_find.part.5
                0x0800a6c0      0x4d0 build/obj/ff.o
 .text.follow_path
                0x0800ab90      0x340 build/obj/ff.o
 .text.dir_read
                0x0800aed0      0x370 build/obj/ff.o
 .text.f_mount  0x0800b240       0x40 build/obj/ff.o
                0x0800b240                f_mount
 .text.f_opendir
                0x0800b280       0xa0 build/obj/ff.o
                0x0800b280                f_opendir
 .text.f_readdir
                0x0800b320       0x90 build/obj/ff.o
                0x0800b320                f_readdir
 .text.ff_convert
                0x0800b3b0       0x50 build/obj/ccsbcs.o
                0x0800b3b0                ff_convert
 .text.ff_wtoupper
                0x0800b400       0x30 build/obj/ccsbcs.o
                0x0800b400                ff_wtoupper
 .text.chprintf
                0x0800b430       0x20 build/obj/shell.o
 .text._strtok.constprop.2
                0x0800b450       0x40 build/obj/shell.o
 .text.cmd_systime
                0x0800b490       0x30 build/obj/shell.o
 .text.cmd_info
                0x0800b4c0       0xc0 build/obj/shell.o
 .text.shellInit
                0x0800b580       0x10 build/obj/shell.o
                0x0800b580                shellInit
 .text.shellExit
                0x0800b590       0x30 build/obj/shell.o
                0x0800b590                shellExit
 .text.shellCreate
                0x0800b5c0       0x20 build/obj/shell.o
                0x0800b5c0                shellCreate
 .text.shellGetLine
                0x0800b5e0       0xa0 build/obj/shell.o
                0x0800b5e0                shellGetLine
 .text.shell_thread
                0x0800b680      0x1e0 build/obj/shell.o
 .text.long_to_string_with_divisor
                0x0800b860       0x70 build/obj/chprintf.o
 .text.chvprintf
                0x0800b8d0      0x450 build/obj/chprintf.o
                0x0800b8d0                chvprintf
 .text.chsnprintf
                0x0800bd20       0x40 build/obj/chprintf.o
                0x0800bd20                chsnprintf
 .text.put      0x0800bd60       0x20 build/obj/memstreams.o
 .text.get      0x0800bd80       0x20 build/obj/memstreams.o
 .text.reads    0x0800bda0       0x30 build/obj/memstreams.o
 .text.writes   0x0800bdd0       0x30 build/obj/memstreams.o
 .text.msObjectInit
                0x0800be00       0x20 build/obj/memstreams.o
                0x0800be00                msObjectInit
 .text.cbReadWlanInterruptPin
                0x0800be20       0x10 build/obj/cc3000_spi.o
 .text.cbWriteWlanPin
                0x0800be30       0x20 build/obj/cc3000_spi.o
 .text.SpiPauseSpi
                0x0800be50       0x20 build/obj/cc3000_spi.o
 .text.SpiResumeSpi
                0x0800be70       0x20 build/obj/cc3000_spi.o
                0x0800be70                SpiResumeSpi
 .text.selectCC3000
                0x0800be90       0x30 build/obj/cc3000_spi.o
 .text.SpiReadDataSynchronous
                0x0800bec0       0x40 build/obj/cc3000_spi.o
 .text.unselectCC3000
                0x0800bf00       0x20 build/obj/cc3000_spi.o
 .text.irqSignalHandlerThread
                0x0800bf20      0x150 build/obj/cc3000_spi.o
 .text.cc3000ExtCb
                0x0800c070       0x20 build/obj/cc3000_spi.o
 .text.SpiOpen  0x0800c090       0xc0 build/obj/cc3000_spi.o
                0x0800c090                SpiOpen
 .text.SpiClose
                0x0800c150       0x30 build/obj/cc3000_spi.o
                0x0800c150                SpiClose
 .text.SpiWrite
                0x0800c180      0x110 build/obj/cc3000_spi.o
                0x0800c180                SpiWrite
 .text.cc3000ChibiosWlanInit
                0x0800c290      0x100 build/obj/cc3000_spi.o
                0x0800c290                cc3000ChibiosWlanInit
 .text.chibiosCc3000AsyncCb
                0x0800c390       0xc0 build/obj/async_handler.o
                0x0800c390                chibiosCc3000AsyncCb
 .text.UINT32_TO_STREAM_f
                0x0800c450       0x20 build/obj/cc3000_common.o
                0x0800c450                UINT32_TO_STREAM_f
 .text.UINT16_TO_STREAM_f
                0x0800c470       0x10 build/obj/cc3000_common.o
                0x0800c470                UINT16_TO_STREAM_f
 .text.STREAM_TO_UINT16_f
                0x0800c480       0x10 build/obj/cc3000_common.o
                0x0800c480                STREAM_TO_UINT16_f
 .text.STREAM_TO_UINT32_f
                0x0800c490       0x20 build/obj/cc3000_common.o
                0x0800c490                STREAM_TO_UINT32_f
 .text.hci_command_send
                0x0800c4b0       0x20 build/obj/hci.o
                0x0800c4b0                hci_command_send
 .text.hci_data_command_send
                0x0800c4d0       0x30 build/obj/hci.o
                0x0800c4d0                hci_data_command_send
 .text.hci_patch_send
                0x0800c500       0xf0 build/obj/hci.o
                0x0800c500                hci_patch_send
 .text.netapp_ping_send
                0x0800c5f0       0x60 build/obj/netapp.o
                0x0800c5f0                netapp_ping_send
 .text.netapp_ipconfig
                0x0800c650       0x30 build/obj/netapp.o
                0x0800c650                netapp_ipconfig
 .text.aes_write_key
                0x0800c680       0x10 build/obj/security.o
                0x0800c680                aes_write_key
 .text.SpiReceiveHandler
                0x0800c690       0x20 build/obj/wlan.o
                0x0800c690                SpiReceiveHandler
 .text.wlan_init
                0x0800c6b0       0x30 build/obj/wlan.o
                0x0800c6b0                wlan_init
 .text.wlan_start
                0x0800c6e0       0xa0 build/obj/wlan.o
                0x0800c6e0                wlan_start
 .text.wlan_stop
                0x0800c780       0x30 build/obj/wlan.o
                0x0800c780                wlan_stop
 .text.wlan_disconnect
                0x0800c7b0       0x40 build/obj/wlan.o
                0x0800c7b0                wlan_disconnect
 .text.wlan_ioctl_set_connection_policy
                0x0800c7f0       0x50 build/obj/wlan.o
                0x0800c7f0                wlan_ioctl_set_connection_policy
 .text.wlan_add_profile
                0x0800c840      0x3a0 build/obj/wlan.o
                0x0800c840                wlan_add_profile
 .text.wlan_ioctl_del_profile
                0x0800cbe0       0x40 build/obj/wlan.o
                0x0800cbe0                wlan_ioctl_del_profile
 .text.wlan_smart_config_start
                0x0800cc20       0x40 build/obj/wlan.o
                0x0800cc20                wlan_smart_config_start
 .text.wlan_smart_config_set_prefix
                0x0800cc60       0x50 build/obj/wlan.o
                0x0800cc60                wlan_smart_config_set_prefix
 .text.hci_unsol_handle_patch_request
                0x0800ccb0       0x90 build/obj/evnt_handler.o
                0x0800ccb0                hci_unsol_handle_patch_request
 .text.set_socket_active_status
                0x0800cd40       0x30 build/obj/evnt_handler.o
                0x0800cd40                set_socket_active_status
 .text.hci_unsol_event_handler
                0x0800cd70      0x2f0 build/obj/evnt_handler.o
                0x0800cd70                hci_unsol_event_handler
 .text.hci_unsolicited_event_handler
                0x0800d060       0x40 build/obj/evnt_handler.o
                0x0800d060                hci_unsolicited_event_handler
 .text.hci_event_handler
                0x0800d0a0      0x4c0 build/obj/evnt_handler.o
                0x0800d0a0                hci_event_handler
 .text.SimpleLinkWaitEvent
                0x0800d560       0x20 build/obj/evnt_handler.o
                0x0800d560                SimpleLinkWaitEvent
 .text.nvmem_write
                0x0800d580       0x70 build/obj/nvmem.o
                0x0800d580                nvmem_write
 .text.nvmem_create_entry
                0x0800d5f0       0x50 build/obj/nvmem.o
                0x0800d5f0                nvmem_create_entry
 .text.gethostbyname
                0x0800d640       0xa0 build/obj/socket.o
                0x0800d640                gethostbyname
 .text.mdnsAdvertiser
                0x0800d6e0       0x90 build/obj/socket.o
                0x0800d6e0                mdnsAdvertiser
 .text.chprintf
                0x0800d770       0x20 build/obj/utility.o
 .text.ccprint  0x0800d790       0x30 build/obj/utility.o
                0x0800d790                ccprint
 .text.print_ip
                0x0800d7c0       0x20 build/obj/utility.o
                0x0800d7c0                print_ip
 .text.show_cc3_dhcp_info
                0x0800d7e0       0xa0 build/obj/utility.o
                0x0800d7e0                show_cc3_dhcp_info
 .text._ZN6HTU21DC2EP9I2CDriver
                0x0800d880       0x10 build/obj/HTU21D.o
                0x0800d880                HTU21D::HTU21D(I2CDriver*)
                0x0800d880                HTU21D::HTU21D(I2CDriver*)
 .text._ZN6HTU21D7getTempEi
                0x0800d890       0xd0 build/obj/HTU21D.o
                0x0800d890                HTU21D::getTemp(int)
 .text._ZN6HTU21D11getHumidityEv
                0x0800d960       0x90 build/obj/HTU21D.o
                0x0800d960                HTU21D::getHumidity()
 .text._ZN6BMP180C2EP9I2CDriveri
                0x0800d9f0       0x10 build/obj/BMP180.o
                0x0800d9f0                BMP180::BMP180(I2CDriver*, int)
                0x0800d9f0                BMP180::BMP180(I2CDriver*, int)
 .text._ZN6BMP18018ReadRawTemperatureEPl
                0x0800da00       0xa0 build/obj/BMP180.o
                0x0800da00                BMP180::ReadRawTemperature(long*)
 .text._ZN6BMP18015ReadRawPressureEPl
                0x0800daa0       0xd0 build/obj/BMP180.o
                0x0800daa0                BMP180::ReadRawPressure(long*)
 .text._ZN6BMP18012TruePressureEl
                0x0800db70      0x160 build/obj/BMP180.o
                0x0800db70                BMP180::TruePressure(long)
 .text._ZN6BMP1808ReadDataEPfS0_
                0x0800dcd0       0xa0 build/obj/BMP180.o
                0x0800dcd0                BMP180::ReadData(float*, float*)
 .text._ZN8RTC_TIME6to_strEv
                0x0800dd70       0x60 build/obj/DS1307.o
                0x0800dd70                RTC_TIME::to_str()
 .text._ZN6DS1307C2EP9I2CDriver
                0x0800ddd0       0x10 build/obj/DS1307.o
                0x0800ddd0                DS1307::DS1307(I2CDriver*)
                0x0800ddd0                DS1307::DS1307(I2CDriver*)
 .text._ZN6DS13078get_timeER8RTC_TIME
                0x0800dde0      0x150 build/obj/DS1307.o
                0x0800dde0                DS1307::get_time(RTC_TIME&)
 .text._ZN6DS13078set_timeE8RTC_TIME
                0x0800df30      0x140 build/obj/DS1307.o
                0x0800df30                DS1307::set_time(RTC_TIME)
 .text._ZL8chprintfP20BaseSequentialStreamPKcz
                0x0800e070       0x20 build/obj/main.o
 .text._ZL7Thread2Pv
                0x0800e090       0x80 build/obj/main.o
 .text._ZL11cmd_settimeP20BaseSequentialStreamiPPc
                0x0800e110      0x140 build/obj/main.o
 .text._ZL11cmd_gettimeP20BaseSequentialStreamiPPc
                0x0800e250       0x50 build/obj/main.o
 .text._ZL13cmd_getsensorP20BaseSequentialStreamiPPc
                0x0800e2a0       0x90 build/obj/main.o
 .text._ZL8cmd_pingP20BaseSequentialStreamiPPc
                0x0800e330      0x110 build/obj/main.o
 .text._ZL12cmd_ipconfigP20BaseSequentialStreamiPPc
                0x0800e440       0x30 build/obj/main.o
 .text._ZL16cmd_smart_cc3000P20BaseSequentialStreamiPPc
                0x0800e470      0x1c0 build/obj/main.o
 .text._ZL16cmd_setup_cc3000P20BaseSequentialStreamiPPc
                0x0800e630      0x170 build/obj/main.o
 .text._ZL8cmd_testP20BaseSequentialStreamiPPc
                0x0800e7a0       0x60 build/obj/main.o
 .text._ZL11cmd_threadsP20BaseSequentialStreamiPPc
                0x0800e800       0x70 build/obj/main.o
 .text._ZL7cmd_memP20BaseSequentialStreamiPPc
                0x0800e870       0x60 build/obj/main.o
 .text._ZL10scan_filesP20BaseSequentialStreamPc.constprop.11
                0x0800e8d0       0x90 build/obj/main.o
 .text._ZL13cmd_listfilesP20BaseSequentialStreamiPPc
                0x0800e960       0x30 build/obj/main.o
 .text.pow      0x0800e990      0x368 c:/chibistudio/tools/gnu tools arm embedded/4.7 2014q2/bin/../lib/gcc/arm-none-eabi/4.7.4/../../../../arm-none-eabi/lib/armv7e-m/fpu\libm.a(lib_a-w_pow.o)
                0x0800e990                pow
 *fill*         0x0800ecf8        0x8 00
 .text.__ieee754_pow
                0x0800ed00      0xb50 c:/chibistudio/tools/gnu tools arm embedded/4.7 2014q2/bin/../lib/gcc/arm-none-eabi/4.7.4/../../../../arm-none-eabi/lib/armv7e-m/fpu\libm.a(lib_a-e_pow.o)
                0x0800ed00                __ieee754_pow
 .text.__ieee754_sqrt
                0x0800f850      0x218 c:/chibistudio/tools/gnu tools arm embedded/4.7 2014q2/bin/../lib/gcc/arm-none-eabi/4.7.4/../../../../arm-none-eabi/lib/armv7e-m/fpu\libm.a(lib_a-e_sqrt.o)
                0x0800f850                __ieee754_sqrt
 *fill*         0x0800fa68        0x8 00
 .text.fabs     0x0800fa70       0x14 c:/chibistudio/tools/gnu tools arm embedded/4.7 2014q2/bin/../lib/gcc/arm-none-eabi/4.7.4/../../../../arm-none-eabi/lib/armv7e-m/fpu\libm.a(lib_a-s_fabs.o)
                0x0800fa70                fabs
 *fill*         0x0800fa84        0xc 00
 .text.finite   0x0800fa90       0x10 c:/chibistudio/tools/gnu tools arm embedded/4.7 2014q2/bin/../lib/gcc/arm-none-eabi/4.7.4/../../../../arm-none-eabi/lib/armv7e-m/fpu\libm.a(lib_a-s_finite.o)
                0x0800fa90                finite
 .text.__fpclassifyd
                0x0800faa0       0x70 c:/chibistudio/tools/gnu tools arm embedded/4.7 2014q2/bin/../lib/gcc/arm-none-eabi/4.7.4/../../../../arm-none-eabi/lib/armv7e-m/fpu\libm.a(lib_a-s_fpclassify.o)
                0x0800faa0                __fpclassifyd
 .text.matherr  0x0800fb10        0x4 c:/chibistudio/tools/gnu tools arm embedded/4.7 2014q2/bin/../lib/gcc/arm-none-eabi/4.7.4/../../../../arm-none-eabi/lib/armv7e-m/fpu\libm.a(lib_a-s_matherr.o)
                0x0800fb10                matherr
 *fill*         0x0800fb14        0xc 00
 .text.nan      0x0800fb20       0x10 c:/chibistudio/tools/gnu tools arm embedded/4.7 2014q2/bin/../lib/gcc/arm-none-eabi/4.7.4/../../../../arm-none-eabi/lib/armv7e-m/fpu\libm.a(lib_a-s_nan.o)
                0x0800fb20                nan
 .text.rint     0x0800fb30      0x120 c:/chibistudio/tools/gnu tools arm embedded/4.7 2014q2/bin/../lib/gcc/arm-none-eabi/4.7.4/../../../../arm-none-eabi/lib/armv7e-m/fpu\libm.a(lib_a-s_rint.o)
                0x0800fb30                rint
 .text.scalbn   0x0800fc50      0x120 c:/chibistudio/tools/gnu tools arm embedded/4.7 2014q2/bin/../lib/gcc/arm-none-eabi/4.7.4/../../../../arm-none-eabi/lib/armv7e-m/fpu\libm.a(lib_a-s_scalbn.o)
                0x0800fc50                scalbn
 .text.copysign
                0x0800fd70       0x24 c:/chibistudio/tools/gnu tools arm embedded/4.7 2014q2/bin/../lib/gcc/arm-none-eabi/4.7.4/../../../../arm-none-eabi/lib/armv7e-m/fpu\libm.a(lib_a-s_copysign.o)
                0x0800fd70                copysign
 *fill*         0x0800fd94        0xc 00
 .text.atol     0x0800fda0        0x8 c:/chibistudio/tools/gnu tools arm embedded/4.7 2014q2/bin/../lib/gcc/arm-none-eabi/4.7.4/../../../../arm-none-eabi/lib/armv7e-m/fpu\libc.a(lib_a-atol.o)
                0x0800fda0                atol
 *fill*         0x0800fda8        0x8 00
 .text.__errno  0x0800fdb0        0xc c:/chibistudio/tools/gnu tools arm embedded/4.7 2014q2/bin/../lib/gcc/arm-none-eabi/4.7.4/../../../../arm-none-eabi/lib/armv7e-m/fpu\libc.a(lib_a-errno.o)
                0x0800fdb0                __errno
 *fill*         0x0800fdbc        0x4 00
 .text.memcpy   0x0800fdc0      0x144 c:/chibistudio/tools/gnu tools arm embedded/4.7 2014q2/bin/../lib/gcc/arm-none-eabi/4.7.4/../../../../arm-none-eabi/lib/armv7e-m/fpu\libc.a(lib_a-memcpy.o)
                0x0800fdc0                memcpy
 *fill*         0x0800ff04        0xc 00
 .text.memset   0x0800ff10      0x12c c:/chibistudio/tools/gnu tools arm embedded/4.7 2014q2/bin/../lib/gcc/arm-none-eabi/4.7.4/../../../../arm-none-eabi/lib/armv7e-m/fpu\libc.a(lib_a-memset.o)
                0x0800ff10                memset
 *fill*         0x0801003c        0x4 00
 .text.strcasecmp
                0x08010040       0x44 c:/chibistudio/tools/gnu tools arm embedded/4.7 2014q2/bin/../lib/gcc/arm-none-eabi/4.7.4/../../../../arm-none-eabi/lib/armv7e-m/fpu\libc.a(lib_a-strcasecmp.o)
                0x08010040                strcasecmp
 *fill*         0x08010084        0xc 00
 .text.strcpy   0x08010090       0xbc c:/chibistudio/tools/gnu tools arm embedded/4.7 2014q2/bin/../lib/gcc/arm-none-eabi/4.7.4/../../../../arm-none-eabi/lib/armv7e-m/fpu\libc.a(lib_a-strcpy.o)
                0x08010090                strcpy
 *fill*         0x0801014c        0x4 00
 .text.strlen   0x08010150       0x60 c:/chibistudio/tools/gnu tools arm embedded/4.7 2014q2/bin/../lib/gcc/arm-none-eabi/4.7.4/../../../../arm-none-eabi/lib/armv7e-m/fpu\libc.a(lib_a-strlen.o)
                0x08010150                strlen
 .text.strpbrk  0x080101b0       0x4c c:/chibistudio/tools/gnu tools arm embedded/4.7 2014q2/bin/../lib/gcc/arm-none-eabi/4.7.4/../../../../arm-none-eabi/lib/armv7e-m/fpu\libc.a(lib_a-strpbrk.o)
                0x080101b0                strpbrk
 *fill*         0x080101fc        0x4 00
 .text.strspn   0x08010200       0x40 c:/chibistudio/tools/gnu tools arm embedded/4.7 2014q2/bin/../lib/gcc/arm-none-eabi/4.7.4/../../../../arm-none-eabi/lib/armv7e-m/fpu\libc.a(lib_a-strspn.o)
                0x08010200                strspn
 .text._strtol_r
                0x08010240      0x134 c:/chibistudio/tools/gnu tools arm embedded/4.7 2014q2/bin/../lib/gcc/arm-none-eabi/4.7.4/../../../../arm-none-eabi/lib/armv7e-m/fpu\libc.a(lib_a-strtol.o)
                0x08010240                _strtol_r
 *fill*         0x08010374        0xc 00
 .text.strtol   0x08010380       0x1c c:/chibistudio/tools/gnu tools arm embedded/4.7 2014q2/bin/../lib/gcc/arm-none-eabi/4.7.4/../../../../arm-none-eabi/lib/armv7e-m/fpu\libc.a(lib_a-strtol.o)
                0x08010380                strtol
 *(.rodata)
 *(.rodata.*)
 *fill*         0x0801039c        0x4 00
 .rodata.str1.4
                0x080103a0        0x5 build/obj/chsys.o
                                  0x8 (size before relaxing)
 *fill*         0x080103a5        0xb 00
 .rodata.ch_debug
                0x080103b0       0x18 build/obj/chregistry.o
                0x080103b0                ch_debug
 *fill*         0x080103c8        0x8 00
 .rodata.wa     0x080103d0       0x14 build/obj/test.o
                0x080103d0                wa
 *fill*         0x080103e4        0xc 00
 .rodata.str1.4
                0x080103f0      0x20b build/obj/test.o
                                0x21c (size before relaxing)
 *fill*         0x080105fb        0x5 00
 .rodata.patterns
                0x08010600       0x30 build/obj/test.o
 .rodata.testthd1
                0x08010630       0x10 build/obj/testthd.o
                0x08010630                testthd1
 .rodata.testthd2
                0x08010640       0x10 build/obj/testthd.o
                0x08010640                testthd2
 .rodata.testthd3
                0x08010650       0x10 build/obj/testthd.o
                0x08010650                testthd3
 .rodata.testthd4
                0x08010660       0x10 build/obj/testthd.o
                0x08010660                testthd4
 .rodata.patternthd
                0x08010670       0x14 build/obj/testthd.o
                0x08010670                patternthd
 *fill*         0x08010684        0xc 00
 .rodata.str1.4
                0x08010690       0x77 build/obj/testthd.o
                                 0x80 (size before relaxing)
 *fill*         0x08010707        0x9 00
 .rodata.testsem1
                0x08010710       0x10 build/obj/testsem.o
                0x08010710                testsem1
 .rodata.testsem2
                0x08010720       0x10 build/obj/testsem.o
                0x08010720                testsem2
 .rodata.testsem3
                0x08010730       0x10 build/obj/testsem.o
                0x08010730                testsem3
 .rodata.testsem4
                0x08010740       0x10 build/obj/testsem.o
                0x08010740                testsem4
 .rodata.patternsem
                0x08010750       0x14 build/obj/testsem.o
                0x08010750                patternsem
 *fill*         0x08010764        0xc 00
 .rodata.str1.4
                0x08010770       0x6e build/obj/testsem.o
                                 0x8c (size before relaxing)
 *fill*         0x080107de        0x2 00
 .rodata.testmtx5
                0x080107e0       0x10 build/obj/testmtx.o
                0x080107e0                testmtx5
 .rodata.testmtx6
                0x080107f0       0x10 build/obj/testmtx.o
                0x080107f0                testmtx6
 .rodata.testmtx7
                0x08010800       0x10 build/obj/testmtx.o
                0x08010800                testmtx7
 .rodata.testmtx8
                0x08010810       0x10 build/obj/testmtx.o
                0x08010810                testmtx8
 .rodata.str1.4
                0x08010820       0xed build/obj/testmtx.o
                                0x10c (size before relaxing)
 *fill*         0x0801090d        0x3 00
 .rodata.patternmtx
                0x08010910       0x24 build/obj/testmtx.o
                0x08010910                patternmtx
 *fill*         0x08010934        0xc 00
 .rodata.testmtx1
                0x08010940       0x10 build/obj/testmtx.o
                0x08010940                testmtx1
 .rodata.testmtx2
                0x08010950       0x10 build/obj/testmtx.o
                0x08010950                testmtx2
 .rodata.testmtx3
                0x08010960       0x10 build/obj/testmtx.o
                0x08010960                testmtx3
 .rodata.testmtx4
                0x08010970       0x10 build/obj/testmtx.o
                0x08010970                testmtx4
 .rodata.testmsg1
                0x08010980       0x10 build/obj/testmsg.o
                0x08010980                testmsg1
 .rodata.str1.4
                0x08010990        0xf build/obj/testmsg.o
                                 0x14 (size before relaxing)
 *fill*         0x0801099f        0x1 00
 .rodata.patternmsg
                0x080109a0        0x8 build/obj/testmsg.o
                0x080109a0                patternmsg
 *fill*         0x080109a8        0x8 00
 .rodata.patternmbox
                0x080109b0        0x8 build/obj/testmbox.o
                0x080109b0                patternmbox
 *fill*         0x080109b8        0x8 00
 .rodata.str1.4
                0x080109c0       0x20 build/obj/testmbox.o
                                 0x28 (size before relaxing)
 .rodata.testmbox1
                0x080109e0       0x10 build/obj/testmbox.o
                0x080109e0                testmbox1
 .rodata.patternevt
                0x080109f0       0x10 build/obj/testevt.o
                0x080109f0                patternevt
 .rodata.testevt2
                0x08010a00       0x10 build/obj/testevt.o
                0x08010a00                testevt2
 .rodata.str1.4
                0x08010a10       0x52 build/obj/testevt.o
                                 0x5c (size before relaxing)
 *fill*         0x08010a62        0xe 00
 .rodata.testevt1
                0x08010a70       0x10 build/obj/testevt.o
                0x08010a70                testevt1
 .rodata.evhndl
                0x08010a80        0xc build/obj/testevt.o
 *fill*         0x08010a8c        0x4 00
 .rodata.testevt3
                0x08010a90       0x10 build/obj/testevt.o
                0x08010a90                testevt3
 .rodata.patternheap
                0x08010aa0        0x8 build/obj/testheap.o
                0x08010aa0                patternheap
 *fill*         0x08010aa8        0x8 00
 .rodata.str1.4
                0x08010ab0       0x28 build/obj/testheap.o
 *fill*         0x08010ad8        0x8 00
 .rodata.testheap1
                0x08010ae0       0x10 build/obj/testheap.o
                0x08010ae0                testheap1
 .rodata.str1.4
                0x08010af0       0x1c build/obj/testpools.o
 *fill*         0x08010b0c        0x4 00
 .rodata.patternpools
                0x08010b10        0x8 build/obj/testpools.o
                0x08010b10                patternpools
 *fill*         0x08010b18        0x8 00
 .rodata.testpools1
                0x08010b20       0x10 build/obj/testpools.o
                0x08010b20                testpools1
 .rodata.testdyn1
                0x08010b30       0x10 build/obj/testdyn.o
                0x08010b30                testdyn1
 .rodata.testdyn2
                0x08010b40       0x10 build/obj/testdyn.o
                0x08010b40                testdyn2
 .rodata.testdyn3
                0x08010b50       0x10 build/obj/testdyn.o
                0x08010b50                testdyn3
 .rodata.str1.4
                0x08010b60       0x8d build/obj/testdyn.o
                                 0xa4 (size before relaxing)
 *fill*         0x08010bed        0x3 00
 .rodata.patterndyn
                0x08010bf0       0x10 build/obj/testdyn.o
                0x08010bf0                patterndyn
 .rodata.testqueues1
                0x08010c00       0x10 build/obj/testqueues.o
                0x08010c00                testqueues1
 .rodata.testqueues2
                0x08010c10       0x10 build/obj/testqueues.o
                0x08010c10                testqueues2
 .rodata.str1.4
                0x08010c20       0x2d build/obj/testqueues.o
                                 0x38 (size before relaxing)
 *fill*         0x08010c4d        0x3 00
 .rodata.patternqueues
                0x08010c50        0xc build/obj/testqueues.o
                0x08010c50                patternqueues
 *fill*         0x08010c5c        0x4 00
 .rodata.testbmk8
                0x08010c60       0x10 build/obj/testbmk.o
                0x08010c60                testbmk8
 .rodata.patternbmk
                0x08010c70       0x38 build/obj/testbmk.o
                0x08010c70                patternbmk
 *fill*         0x08010ca8        0x8 00
 .rodata.testbmk3
                0x08010cb0       0x10 build/obj/testbmk.o
                0x08010cb0                testbmk3
 .rodata.testbmk10
                0x08010cc0       0x10 build/obj/testbmk.o
                0x08010cc0                testbmk10
 .rodata.str1.4
                0x08010cd0      0x2c7 build/obj/testbmk.o
                                0x2c8 (size before relaxing)
 *fill*         0x08010f97        0x9 00
 .rodata.testbmk2
                0x08010fa0       0x10 build/obj/testbmk.o
                0x08010fa0                testbmk2
 .rodata.testbmk9
                0x08010fb0       0x10 build/obj/testbmk.o
                0x08010fb0                testbmk9
 .rodata.testbmk4
                0x08010fc0       0x10 build/obj/testbmk.o
                0x08010fc0                testbmk4
 .rodata.testbmk1
                0x08010fd0       0x10 build/obj/testbmk.o
                0x08010fd0                testbmk1
 .rodata.testbmk11
                0x08010fe0       0x10 build/obj/testbmk.o
                0x08010fe0                testbmk11
 .rodata.testbmk12
                0x08010ff0       0x10 build/obj/testbmk.o
                0x08010ff0                testbmk12
 .rodata.testbmk13
                0x08011000       0x10 build/obj/testbmk.o
                0x08011000                testbmk13
 .rodata.testbmk5
                0x08011010       0x10 build/obj/testbmk.o
                0x08011010                testbmk5
 .rodata.testbmk6
                0x08011020       0x10 build/obj/testbmk.o
                0x08011020                testbmk6
 .rodata.testbmk7
                0x08011030       0x10 build/obj/testbmk.o
                0x08011030                testbmk7
 .rodata.crc7_lookup_table
                0x08011040      0x100 build/obj/mmc_spi.o
 .rodata.stop.7391
                0x08011140        0x4 build/obj/mmc_spi.o
 *fill*         0x08011144        0xc 00
 .rodata.mmc_vmt
                0x08011150       0x20 build/obj/mmc_spi.o
 .rodata.stopcmd.7377
                0x08011170        0x8 build/obj/mmc_spi.o
 *fill*         0x08011178        0x8 00
 .rodata.start.7386
                0x08011180        0x4 build/obj/mmc_spi.o
 *fill*         0x08011184        0xc 00
 .rodata.vmt    0x08011190       0x20 build/obj/serial.o
 .rodata._stm32_dma_streams
                0x080111b0       0xc0 build/obj/stm32_dma.o
                0x080111b0                _stm32_dma_streams
 .rodata.default_config
                0x08011270        0xc build/obj/serial_lld.o
 *fill*         0x0801127c        0x4 00
 .rodata.pal_default_config
                0x08011280       0xa8 build/obj/board.o
                0x08011280                pal_default_config
 *fill*         0x08011328        0x8 00
 .rodata.excvt.5267
                0x08011330       0x80 build/obj/ff.o
 .rodata.str1.4
                0x080113b0       0x13 build/obj/ff.o
                                 0x14 (size before relaxing)
 *fill*         0x080113c3        0xd 00
 .rodata.tbl_upper.5011
                0x080113d0      0x1e0 build/obj/ccsbcs.o
 .rodata.Tbl    0x080115b0      0x100 build/obj/ccsbcs.o
 .rodata.tbl_lower.5010
                0x080116b0      0x1e0 build/obj/ccsbcs.o
 .rodata.str1.4
                0x08011890      0x16d build/obj/shell.o
                                0x244 (size before relaxing)
 *fill*         0x080119fd        0x3 00
 .rodata.str1.4
                0x08011a00        0x7 build/obj/chprintf.o
                                  0x8 (size before relaxing)
 *fill*         0x08011a07        0x9 00
 .rodata.vmt    0x08011a10       0x10 build/obj/memstreams.o
 .rodata.spiReadCommand
                0x08011a20        0x4 build/obj/cc3000_spi.o
 *fill*         0x08011a24        0xc 00
 .rodata.__FUNCTION__.7964
                0x08011a30       0x18 build/obj/cc3000_spi.o
 *fill*         0x08011a48        0x8 00
 .rodata.str1.4
                0x08011a50       0xc7 build/obj/utility.o
                                 0xcc (size before relaxing)
 *fill*         0x08011b17        0x9 00
 .rodata._ZL6months
                0x08011b20       0x30 build/obj/DS1307.o
 .rodata.str1.4
                0x08011b50       0xcd build/obj/DS1307.o
                                 0xd0 (size before relaxing)
 *fill*         0x08011c1d        0x3 00
 .rodata._ZL8weekdays
                0x08011c20       0x1c build/obj/DS1307.o
 *fill*         0x08011c3c        0x4 00
 .rodata._ZL7gpt3cfg
                0x08011c40        0xc build/obj/main.o
 *fill*         0x08011c4c        0x4 00
 .rodata._ZL6i2cfg1
                0x08011c50        0xc build/obj/main.o
 *fill*         0x08011c5c        0x4 00
 .rodata._ZZL11cmd_threadsP20BaseSequentialStreamiPPcE6states
                0x08011c60       0x3c build/obj/main.o
 *fill*         0x08011c9c        0x4 00
 .rodata._ZL9shell_cfg
                0x08011ca0        0x8 build/obj/main.o
 *fill*         0x08011ca8        0x8 00
 .rodata.str1.4
                0x08011cb0      0x8f4 build/obj/main.o
                                0x900 (size before relaxing)
 *fill*         0x080125a4        0xc 00
 .rodata._ZL9serialcfg
                0x080125b0        0xc build/obj/main.o
 *fill*         0x080125bc        0x4 00
 .rodata._ZL8commands
                0x080125c0       0x60 build/obj/main.o
 .rodata.str1.4
                0x08012620        0x4 c:/chibistudio/tools/gnu tools arm embedded/4.7 2014q2/bin/../lib/gcc/arm-none-eabi/4.7.4/../../../../arm-none-eabi/lib/armv7e-m/fpu\libm.a(lib_a-w_pow.o)
 *fill*         0x08012624        0xc 00
 .rodata.dp_h   0x08012630       0x10 c:/chibistudio/tools/gnu tools arm embedded/4.7 2014q2/bin/../lib/gcc/arm-none-eabi/4.7.4/../../../../arm-none-eabi/lib/armv7e-m/fpu\libm.a(lib_a-e_pow.o)
 .rodata.dp_l   0x08012640       0x10 c:/chibistudio/tools/gnu tools arm embedded/4.7 2014q2/bin/../lib/gcc/arm-none-eabi/4.7.4/../../../../arm-none-eabi/lib/armv7e-m/fpu\libm.a(lib_a-e_pow.o)
 .rodata.bp     0x08012650       0x10 c:/chibistudio/tools/gnu tools arm embedded/4.7 2014q2/bin/../lib/gcc/arm-none-eabi/4.7.4/../../../../arm-none-eabi/lib/armv7e-m/fpu\libm.a(lib_a-e_pow.o)
 .rodata.str1.4
                0x00000000        0x4 c:/chibistudio/tools/gnu tools arm embedded/4.7 2014q2/bin/../lib/gcc/arm-none-eabi/4.7.4/../../../../arm-none-eabi/lib/armv7e-m/fpu\libm.a(lib_a-e_pow.o)
 .rodata.TWO52  0x08012660       0x10 c:/chibistudio/tools/gnu tools arm embedded/4.7 2014q2/bin/../lib/gcc/arm-none-eabi/4.7.4/../../../../arm-none-eabi/lib/armv7e-m/fpu\libm.a(lib_a-s_rint.o)
 .rodata.str1.4
                0x00000000        0x4 c:/chibistudio/tools/gnu tools arm embedded/4.7 2014q2/bin/../lib/gcc/arm-none-eabi/4.7.4/../../../../arm-none-eabi/lib/armv7e-m/fpu\libc.a(lib_a-impure.o)
 .rodata._ctype_
                0x08012670      0x104 c:/chibistudio/tools/gnu tools arm embedded/4.7 2014q2/bin/../lib/gcc/arm-none-eabi/4.7.4/../../../../arm-none-eabi/lib/armv7e-m/fpu\libc.a(lib_a-ctype_.o)
                0x08012670                _ctype_
 *(.glue_7t)
 .glue_7t       0x00000000        0x0 linker stubs
 *(.glue_7)
 .glue_7        0x00000000        0x0 linker stubs
 *(.gcc*)

.vfp11_veneer   0x08012774        0x0
 .vfp11_veneer  0x00000000        0x0 linker stubs

.v4_bx          0x08012774        0x0
 .v4_bx         0x00000000        0x0 linker stubs

.iplt           0x08012774        0x0
 .iplt          0x00000000        0x0 build/obj/crt0.o

.rel.dyn        0x08012774        0x0
 .rel.iplt      0x00000000        0x0 build/obj/crt0.o

.ARM.extab
 *(.ARM.extab* .gnu.linkonce.armextab.*)

.ARM.exidx      0x08012774        0x0
                0x08012774                PROVIDE (__exidx_start, .)
 *(.ARM.exidx* .gnu.linkonce.armexidx.*)
                0x08012774                PROVIDE (__exidx_end, .)

.eh_frame_hdr
 *(.eh_frame_hdr)

.eh_frame
 *(.eh_frame)

.textalign      0x08012774        0x4
                0x08012778                . = ALIGN (0x8)
 *fill*         0x08012774        0x4 00
                0x08012778                . = ALIGN (0x4)
                0x08012778                _etext = .
                0x08012778                _textdata = _etext

.stacks         0x20000000      0x800
                0x20000000                . = ALIGN (0x8)
                0x20000000                __main_stack_base__ = .
                0x20000400                . = (. + __main_stack_size__)
 *fill*         0x20000000      0x400 00
                0x20000400                . = ALIGN (0x8)
                0x20000400                __main_stack_end__ = .
                0x20000400                __process_stack_base__ = .
                0x20000400                __main_thread_stack_base__ = .
                0x20000800                . = (. + __process_stack_size__)
 *fill*         0x20000400      0x400 00
                0x20000800                . = ALIGN (0x8)
                0x20000800                __process_stack_end__ = .
                0x20000800                __main_thread_stack_end__ = .

.data           0x20000800      0x580 load address 0x08012778
                0x20000800                . = ALIGN (0x4)
                0x20000800                PROVIDE (_data, .)
 *(.data)
                0x20000800                . = ALIGN (0x4)
 *(.data.*)
 .data.sem1     0x20000800        0xc build/obj/testsem.o
 .data.m1       0x2000080c       0x10 build/obj/testmtx.o
 .data.m2       0x2000081c       0x10 build/obj/testmtx.o
 .data.c1       0x2000082c        0x8 build/obj/testmtx.o
 .data.mb1      0x20000834       0x28 build/obj/testmbox.o
 .data.es1      0x2000085c        0x4 build/obj/testevt.o
 .data.es2      0x20000860        0x4 build/obj/testevt.o
 .data.mp1      0x20000864        0xc build/obj/testpools.o
 .data.oq       0x20000870       0x24 build/obj/testqueues.o
 .data.iq       0x20000894       0x24 build/obj/testqueues.o
 .data.local_commands
                0x200008b8       0x18 build/obj/shell.o
 .data.spiPaused
                0x200008d0        0x1 build/obj/cc3000_spi.o